

================================================================
== Vivado HLS Report for 'deconv2'
================================================================
* Date:           Thu Nov  8 15:33:24 2018

* Version:        2017.1 (Build 1846317 on Fri Apr 14 19:19:38 MDT 2017)
* Project:        fpga_syn_layer
* Solution:       solution1
* Product family: zynq
* Target device:  xc7z020clg484-1


================================================================
== Performance Estimates
================================================================
+ Timing (ns): 
    * Summary: 
    +--------+-------+----------+------------+
    |  Clock | Target| Estimated| Uncertainty|
    +--------+-------+----------+------------+
    |ap_clk  |  10.00|      8.69|        1.25|
    +--------+-------+----------+------------+

+ Latency (clock cycles): 
    * Summary: 
    +--------+--------+--------+--------+---------+
    |     Latency     |     Interval    | Pipeline|
    |   min  |   max  |   min  |   max  |   Type  |
    +--------+--------+--------+--------+---------+
    |  893057|  893057|  893057|  893057|   none  |
    +--------+--------+--------+--------+---------+

    + Detail: 
        * Instance: 
        N/A

        * Loop: 
        +-------------+--------+--------+----------+-----------+-----------+------+----------+
        |             |     Latency     | Iteration|  Initiation Interval  | Trip |          |
        |  Loop Name  |   min  |   max  |  Latency |  achieved |   target  | Count| Pipelined|
        +-------------+--------+--------+----------+-----------+-----------+------+----------+
        |- Loop 1     |  893056|  893056|     27908|          -|          -|    32|    no    |
        | + Loop 1.1  |      72|      72|         6|          6|          1|    12|    yes   |
        | + Loop 1.2  |   27649|   27649|        56|         54|          1|   512|    yes   |
        | + Loop 1.3  |     179|     179|        48|         12|          1|    12|    yes   |
        +-------------+--------+--------+----------+-----------+-----------+------+----------+



================================================================
== Utilization Estimates
================================================================
* Summary: 
+-----------------+---------+-------+--------+-------+
|       Name      | BRAM_18K| DSP48E|   FF   |  LUT  |
+-----------------+---------+-------+--------+-------+
|DSP              |        -|     36|       -|      -|
|Expression       |        -|      -|       0|   4645|
|FIFO             |        -|      -|       -|      -|
|Instance         |        -|      -|   24924|  18984|
|Memory           |        2|      -|       0|      0|
|Multiplexer      |        -|      -|       -|   1578|
|Register         |        -|      -|    5001|    576|
+-----------------+---------+-------+--------+-------+
|Total            |        2|     36|   29925|  25783|
+-----------------+---------+-------+--------+-------+
|Available        |      280|    220|  106400|  53200|
+-----------------+---------+-------+--------+-------+
|Utilization (%)  |    ~0   |     16|      28|     48|
+-----------------+---------+-------+--------+-------+

+ Detail: 
    * Instance: 
    +----------------------------+----------------------+---------+-------+------+------+
    |          Instance          |        Module        | BRAM_18K| DSP48E|  FF  |  LUT |
    +----------------------------+----------------------+---------+-------+------+------+
    |deconv_sdiv_30ns_bkb_x_U30  |deconv_sdiv_30ns_bkb  |        0|      0|  2077|  1582|
    |deconv_sdiv_30ns_bkb_x_U31  |deconv_sdiv_30ns_bkb  |        0|      0|  2077|  1582|
    |deconv_sdiv_30ns_bkb_x_U32  |deconv_sdiv_30ns_bkb  |        0|      0|  2077|  1582|
    |deconv_sdiv_30ns_bkb_x_U33  |deconv_sdiv_30ns_bkb  |        0|      0|  2077|  1582|
    |deconv_sdiv_30ns_bkb_x_U34  |deconv_sdiv_30ns_bkb  |        0|      0|  2077|  1582|
    |deconv_sdiv_30ns_bkb_x_U35  |deconv_sdiv_30ns_bkb  |        0|      0|  2077|  1582|
    |deconv_sdiv_30ns_bkb_x_U36  |deconv_sdiv_30ns_bkb  |        0|      0|  2077|  1582|
    |deconv_sdiv_30ns_bkb_x_U37  |deconv_sdiv_30ns_bkb  |        0|      0|  2077|  1582|
    |deconv_sdiv_30ns_bkb_x_U38  |deconv_sdiv_30ns_bkb  |        0|      0|  2077|  1582|
    |deconv_sdiv_30ns_bkb_x_U39  |deconv_sdiv_30ns_bkb  |        0|      0|  2077|  1582|
    |deconv_sdiv_30ns_bkb_x_U40  |deconv_sdiv_30ns_bkb  |        0|      0|  2077|  1582|
    |deconv_sdiv_30ns_bkb_x_U41  |deconv_sdiv_30ns_bkb  |        0|      0|  2077|  1582|
    +----------------------------+----------------------+---------+-------+------+------+
    |Total                       |                      |        0|      0| 24924| 18984|
    +----------------------------+----------------------+---------+-------+------+------+

    * DSP48: 
    +--------------------------+----------------------+-----------+
    |         Instance         |        Module        | Expression|
    +--------------------------+----------------------+-----------+
    |deconv_mul_mul_17dEe_U42  |deconv_mul_mul_17dEe  |  i0 * i1  |
    |deconv_mul_mul_17dEe_U43  |deconv_mul_mul_17dEe  |  i0 * i1  |
    |deconv_mul_mul_17dEe_U44  |deconv_mul_mul_17dEe  |  i0 * i1  |
    |deconv_mul_mul_17dEe_U45  |deconv_mul_mul_17dEe  |  i0 * i1  |
    |deconv_mul_mul_17dEe_U46  |deconv_mul_mul_17dEe  |  i0 * i1  |
    |deconv_mul_mul_17dEe_U47  |deconv_mul_mul_17dEe  |  i0 * i1  |
    |deconv_mul_mul_18eOg_U48  |deconv_mul_mul_18eOg  |  i0 * i1  |
    |deconv_mul_mul_18eOg_U49  |deconv_mul_mul_18eOg  |  i0 * i1  |
    |deconv_mul_mul_18eOg_U50  |deconv_mul_mul_18eOg  |  i0 * i1  |
    |deconv_mul_mul_18eOg_U51  |deconv_mul_mul_18eOg  |  i0 * i1  |
    |deconv_mul_mul_18eOg_U52  |deconv_mul_mul_18eOg  |  i0 * i1  |
    |deconv_mul_mul_18eOg_U53  |deconv_mul_mul_18eOg  |  i0 * i1  |
    |deconv_mul_mul_18eOg_U54  |deconv_mul_mul_18eOg  |  i0 * i1  |
    |deconv_mul_mul_18eOg_U55  |deconv_mul_mul_18eOg  |  i0 * i1  |
    |deconv_mul_mul_18eOg_U56  |deconv_mul_mul_18eOg  |  i0 * i1  |
    |deconv_mul_mul_18eOg_U57  |deconv_mul_mul_18eOg  |  i0 * i1  |
    |deconv_mul_mul_18eOg_U58  |deconv_mul_mul_18eOg  |  i0 * i1  |
    |deconv_mul_mul_18eOg_U59  |deconv_mul_mul_18eOg  |  i0 * i1  |
    |deconv_mul_mul_18eOg_U60  |deconv_mul_mul_18eOg  |  i0 * i1  |
    |deconv_mul_mul_18eOg_U61  |deconv_mul_mul_18eOg  |  i0 * i1  |
    |deconv_mul_mul_18eOg_U62  |deconv_mul_mul_18eOg  |  i0 * i1  |
    |deconv_mul_mul_18eOg_U63  |deconv_mul_mul_18eOg  |  i0 * i1  |
    |deconv_mul_mul_18eOg_U64  |deconv_mul_mul_18eOg  |  i0 * i1  |
    |deconv_mul_mul_18eOg_U65  |deconv_mul_mul_18eOg  |  i0 * i1  |
    |deconv_mul_mul_18eOg_U66  |deconv_mul_mul_18eOg  |  i0 * i1  |
    |deconv_mul_mul_18eOg_U67  |deconv_mul_mul_18eOg  |  i0 * i1  |
    |deconv_mul_mul_18eOg_U68  |deconv_mul_mul_18eOg  |  i0 * i1  |
    |deconv_mul_mul_18eOg_U69  |deconv_mul_mul_18eOg  |  i0 * i1  |
    |deconv_mul_mul_18eOg_U70  |deconv_mul_mul_18eOg  |  i0 * i1  |
    |deconv_mul_mul_18eOg_U71  |deconv_mul_mul_18eOg  |  i0 * i1  |
    |deconv_mul_mul_18eOg_U72  |deconv_mul_mul_18eOg  |  i0 * i1  |
    |deconv_mul_mul_18eOg_U73  |deconv_mul_mul_18eOg  |  i0 * i1  |
    |deconv_mul_mul_18eOg_U74  |deconv_mul_mul_18eOg  |  i0 * i1  |
    |deconv_mul_mul_18eOg_U75  |deconv_mul_mul_18eOg  |  i0 * i1  |
    |deconv_mul_mul_18eOg_U76  |deconv_mul_mul_18eOg  |  i0 * i1  |
    |deconv_mul_mul_18eOg_U77  |deconv_mul_mul_18eOg  |  i0 * i1  |
    +--------------------------+----------------------+-----------+

    * Memory: 
    +----------+----------------+---------+---+----+------+-----+------+-------------+
    |  Memory  |     Module     | BRAM_18K| FF| LUT| Words| Bits| Banks| W*Bits*Banks|
    +----------+----------------+---------+---+----+------+-----+------+-------------+
    |temp_V_U  |deconv2_temp_V  |        2|  0|   0|   144|   20|     1|         2880|
    +----------+----------------+---------+---+----+------+-----+------+-------------+
    |Total     |                |        2|  0|   0|   144|   20|     1|         2880|
    +----------+----------------+---------+---+----+------+-----+------+-------------+

    * FIFO: 
    N/A

    * Expression: 
    +---------------------------------+----------+-------+---+----+------------+------------+
    |          Variable Name          | Operation| DSP48E| FF| LUT| Bitwidth P0| Bitwidth P1|
    +---------------------------------+----------+-------+---+----+------------+------------+
    |i_V_fu_1615_p2                   |     +    |      0|  0|  13|           4|           1|
    |ic_V_fu_1819_p2                  |     +    |      0|  0|  15|           1|           6|
    |ih_V_fu_1952_p2                  |     +    |      0|  0|  12|           1|           3|
    |indvar_flatten_next2_fu_1813_p2  |     +    |      0|  0|  17|           1|          10|
    |indvar_flatten_op_fu_1879_p2     |     +    |      0|  0|  15|           6|           1|
    |iw_V_fu_2072_p2                  |     +    |      0|  0|  12|           3|           1|
    |oc_V_fu_1308_p2                  |     +    |      0|  0|  15|           6|           1|
    |oh_V_2_2_fu_1783_p2              |     +    |      0|  0|  13|           2|           4|
    |oh_V_2_2_mid1_fu_2005_p2         |     +    |      0|  0|  13|           2|           4|
    |oh_V_2_3_fu_1789_p2              |     +    |      0|  0|  13|           2|           4|
    |oh_V_2_3_mid1_fu_2018_p2         |     +    |      0|  0|  13|           2|           4|
    |oh_V_2_4_fu_1795_p2              |     +    |      0|  0|  13|           3|           4|
    |oh_V_2_4_mid1_fu_2031_p2         |     +    |      0|  0|  13|           3|           4|
    |oh_V_2_5_fu_1801_p2              |     +    |      0|  0|  13|           3|           4|
    |oh_V_2_5_mid1_fu_2044_p2         |     +    |      0|  0|  13|           3|           4|
    |oh_V_fu_4583_p2                  |     +    |      0|  0|  13|           4|           1|
    |ow_V_2_0_2_fu_2232_p2            |     +    |      0|  0|  13|           4|           2|
    |ow_V_2_0_3_fu_2252_p2            |     +    |      0|  0|  13|           4|           2|
    |ow_V_2_0_4_fu_2348_p2            |     +    |      0|  0|  13|           4|           3|
    |ow_V_2_0_5_fu_2367_p2            |     +    |      0|  0|  13|           4|           3|
    |tmp_176_fu_1351_p2               |     +    |      0|  0|  19|          12|          11|
    |tmp_177_fu_1367_p2               |     +    |      0|  0|  20|          13|          12|
    |tmp_178_fu_1383_p2               |     +    |      0|  0|  20|          13|          13|
    |tmp_179_fu_1399_p2               |     +    |      0|  0|  21|          14|          13|
    |tmp_180_fu_1415_p2               |     +    |      0|  0|  21|          14|          14|
    |tmp_181_fu_1431_p2               |     +    |      0|  0|  21|          14|          14|
    |tmp_182_fu_1457_p2               |     +    |      0|  0|  22|          15|          14|
    |tmp_183_fu_1473_p2               |     +    |      0|  0|  22|          15|          15|
    |tmp_184_fu_1489_p2               |     +    |      0|  0|  22|          15|          15|
    |tmp_185_fu_1505_p2               |     +    |      0|  0|  22|          15|          15|
    |tmp_186_fu_1521_p2               |     +    |      0|  0|  22|          15|          15|
    |tmp_187_fu_1567_p2               |     +    |      0|  0|  23|          16|          15|
    |tmp_188_fu_1583_p2               |     +    |      0|  0|  23|          16|          16|
    |tmp_189_fu_1599_p2               |     +    |      0|  0|  23|          16|          16|
    |tmp_196_fu_1687_p2               |     +    |      0|  0|  16|           9|           3|
    |tmp_197_fu_1697_p2               |     +    |      0|  0|  16|           9|           3|
    |tmp_198_fu_1707_p2               |     +    |      0|  0|  16|           9|           3|
    |tmp_199_fu_1717_p2               |     +    |      0|  0|  16|           9|           3|
    |tmp_200_fu_1727_p2               |     +    |      0|  0|  16|           9|           4|
    |tmp_201_fu_1737_p2               |     +    |      0|  0|  16|           9|           4|
    |tmp_202_fu_1747_p2               |     +    |      0|  0|  16|           9|           4|
    |tmp_203_fu_1757_p2               |     +    |      0|  0|  16|           9|           4|
    |tmp_213_fu_2066_p2               |     +    |      0|  0|  15|           6|           6|
    |tmp_214_fu_2155_p2               |     +    |      0|  0|  18|          11|          11|
    |tmp_218_fu_2406_p2               |     +    |      0|  0|  16|           9|           9|
    |tmp_219_fu_2715_p2               |     +    |      0|  0|  16|           9|           9|
    |tmp_220_fu_2995_p2               |     +    |      0|  0|  16|           9|           9|
    |tmp_221_fu_3241_p2               |     +    |      0|  0|  16|           9|           9|
    |tmp_222_fu_3343_p2               |     +    |      0|  0|  16|           9|           9|
    |tmp_238_fu_5188_p2               |     +    |      0|  0|  21|          14|          14|
    |tmp_264_fu_5270_p2               |     +    |      0|  0|  21|          14|          14|
    |tmp_265_fu_4680_p2               |     +    |      0|  0|  17|           3|          10|
    |tmp_272_fu_4705_p2               |     +    |      0|  0|  17|           3|          10|
    |tmp_274_fu_5352_p2               |     +    |      0|  0|  21|          14|          14|
    |tmp_275_fu_4750_p2               |     +    |      0|  0|  17|           3|          10|
    |tmp_282_fu_4774_p2               |     +    |      0|  0|  17|           3|          10|
    |tmp_284_fu_5434_p2               |     +    |      0|  0|  21|          14|          14|
    |tmp_285_fu_4813_p2               |     +    |      0|  0|  17|           4|          10|
    |tmp_292_fu_4837_p2               |     +    |      0|  0|  17|           4|          10|
    |tmp_294_fu_5516_p2               |     +    |      0|  0|  21|          14|          14|
    |tmp_295_fu_4876_p2               |     +    |      0|  0|  17|           4|          10|
    |tmp_29_fu_2419_p2                |     +    |      0|  0|  27|          20|          20|
    |tmp_302_fu_4900_p2               |     +    |      0|  0|  17|           4|          10|
    |tmp_304_fu_5598_p2               |     +    |      0|  0|  21|          14|          14|
    |tmp_333_fu_2450_p2               |     +    |      0|  0|  16|           9|           9|
    |tmp_334_fu_2724_p2               |     +    |      0|  0|  16|           9|           9|
    |tmp_335_fu_3004_p2               |     +    |      0|  0|  16|           9|           9|
    |tmp_336_fu_3250_p2               |     +    |      0|  0|  16|           9|           9|
    |tmp_337_fu_3353_p2               |     +    |      0|  0|  16|           9|           9|
    |tmp_338_fu_2242_p2               |     +    |      0|  0|  16|           9|           9|
    |tmp_339_fu_2517_p2               |     +    |      0|  0|  16|           9|           9|
    |tmp_340_fu_2790_p2               |     +    |      0|  0|  16|           9|           9|
    |tmp_341_fu_3065_p2               |     +    |      0|  0|  16|           9|           9|
    |tmp_342_fu_3363_p2               |     +    |      0|  0|  16|           9|           9|
    |tmp_343_fu_3372_p2               |     +    |      0|  0|  16|           9|           9|
    |tmp_344_fu_2262_p2               |     +    |      0|  0|  16|           9|           9|
    |tmp_345_fu_2535_p2               |     +    |      0|  0|  16|           9|           9|
    |tmp_346_fu_2799_p2               |     +    |      0|  0|  16|           9|           9|
    |tmp_347_fu_3074_p2               |     +    |      0|  0|  16|           9|           9|
    |tmp_348_fu_3382_p2               |     +    |      0|  0|  16|           9|           9|
    |tmp_349_fu_3391_p2               |     +    |      0|  0|  16|           9|           9|
    |tmp_350_fu_2357_p2               |     +    |      0|  0|  16|           9|           9|
    |tmp_351_fu_2633_p2               |     +    |      0|  0|  16|           9|           9|
    |tmp_352_fu_2925_p2               |     +    |      0|  0|  16|           9|           9|
    |tmp_353_fu_3167_p2               |     +    |      0|  0|  16|           9|           9|
    |tmp_354_fu_3401_p2               |     +    |      0|  0|  16|           9|           9|
    |tmp_355_fu_3410_p2               |     +    |      0|  0|  16|           9|           9|
    |tmp_356_fu_2376_p2               |     +    |      0|  0|  16|           9|           9|
    |tmp_357_fu_2642_p2               |     +    |      0|  0|  16|           9|           9|
    |tmp_358_fu_2934_p2               |     +    |      0|  0|  16|           9|           9|
    |tmp_359_fu_3176_p2               |     +    |      0|  0|  16|           9|           9|
    |tmp_360_fu_3420_p2               |     +    |      0|  0|  16|           9|           9|
    |tmp_361_fu_3429_p2               |     +    |      0|  0|  16|           9|           9|
    |tmp_50_0_1_fu_2489_p2            |     +    |      0|  0|  27|          20|          20|
    |tmp_50_0_2_fu_2596_p2            |     +    |      0|  0|  27|          20|          20|
    |tmp_50_0_3_fu_2736_p2            |     +    |      0|  0|  27|          20|          20|
    |tmp_50_0_4_fu_2811_p2            |     +    |      0|  0|  27|          20|          20|
    |tmp_50_0_5_fu_2946_p2            |     +    |      0|  0|  27|          20|          20|
    |tmp_50_1_1_fu_3086_p2            |     +    |      0|  0|  27|          20|          20|
    |tmp_50_1_2_fu_3188_p2            |     +    |      0|  0|  27|          20|          20|
    |tmp_50_1_3_fu_3262_p2            |     +    |      0|  0|  27|          20|          20|
    |tmp_50_1_4_fu_3442_p2            |     +    |      0|  0|  27|          20|          20|
    |tmp_50_1_5_fu_3494_p2            |     +    |      0|  0|  27|          20|          20|
    |tmp_50_1_fu_3016_p2              |     +    |      0|  0|  27|          20|          20|
    |tmp_50_2_1_fu_3598_p2            |     +    |      0|  0|  27|          20|          20|
    |tmp_50_2_2_fu_3642_p2            |     +    |      0|  0|  27|          20|          20|
    |tmp_50_2_3_fu_3686_p2            |     +    |      0|  0|  27|          20|          20|
    |tmp_50_2_4_fu_3729_p2            |     +    |      0|  0|  27|          20|          20|
    |tmp_50_2_5_fu_3773_p2            |     +    |      0|  0|  27|          20|          20|
    |tmp_50_2_fu_3546_p2              |     +    |      0|  0|  27|          20|          20|
    |tmp_50_3_1_fu_3859_p2            |     +    |      0|  0|  27|          20|          20|
    |tmp_50_3_2_fu_3901_p2            |     +    |      0|  0|  27|          20|          20|
    |tmp_50_3_3_fu_3945_p2            |     +    |      0|  0|  27|          20|          20|
    |tmp_50_3_4_fu_3987_p2            |     +    |      0|  0|  27|          20|          20|
    |tmp_50_3_5_fu_4031_p2            |     +    |      0|  0|  27|          20|          20|
    |tmp_50_3_fu_3815_p2              |     +    |      0|  0|  27|          20|          20|
    |tmp_50_4_1_fu_4117_p2            |     +    |      0|  0|  27|          20|          20|
    |tmp_50_4_2_fu_4159_p2            |     +    |      0|  0|  27|          20|          20|
    |tmp_50_4_3_fu_4203_p2            |     +    |      0|  0|  27|          20|          20|
    |tmp_50_4_4_fu_4245_p2            |     +    |      0|  0|  27|          20|          20|
    |tmp_50_4_5_fu_4289_p2            |     +    |      0|  0|  27|          20|          20|
    |tmp_50_4_fu_4073_p2              |     +    |      0|  0|  27|          20|          20|
    |tmp_50_5_1_fu_4377_p2            |     +    |      0|  0|  27|          20|          20|
    |tmp_50_5_2_fu_4420_p2            |     +    |      0|  0|  27|          20|          20|
    |tmp_50_5_3_fu_4465_p2            |     +    |      0|  0|  27|          20|          20|
    |tmp_50_5_4_fu_4508_p2            |     +    |      0|  0|  27|          20|          20|
    |tmp_50_5_5_fu_4549_p2            |     +    |      0|  0|  27|          20|          20|
    |tmp_50_5_fu_4332_p2              |     +    |      0|  0|  27|          20|          20|
    |tmp_i33_cast_mid2_v_fu_1906_p2   |     +    |      0|  0|  19|          12|          12|
    |tmp_i36_cast_mid2_v_fu_2086_p2   |     +    |      0|  0|  24|          17|          17|
    |tmp_i37_cast_mid2_v_fu_2096_p2   |     +    |      0|  0|  20|          13|          13|
    |tmp_i38_cast_mid2_v_fu_2216_p2   |     +    |      0|  0|  24|          17|          17|
    |tmp_i39_cast_mid2_v_fu_2106_p2   |     +    |      0|  0|  20|          13|          13|
    |tmp_i40_cast_mid2_v_fu_2279_p2   |     +    |      0|  0|  24|          17|          17|
    |tmp_i41_cast_mid2_v_fu_2288_p2   |     +    |      0|  0|  21|          14|          14|
    |tmp_i42_cast_mid2_v_fu_2390_p2   |     +    |      0|  0|  24|          17|          17|
    |tmp_i43_cast_mid2_v_fu_2298_p2   |     +    |      0|  0|  21|          14|          14|
    |tmp_i44_cast_mid2_v_fu_2473_p2   |     +    |      0|  0|  24|          17|          17|
    |tmp_i45_cast_mid2_v_fu_2303_p2   |     +    |      0|  0|  21|          14|          14|
    |tmp_i46_cast_mid2_v_fu_2548_p2   |     +    |      0|  0|  24|          17|          17|
    |tmp_i48_cast_mid2_v_fu_2661_p2   |     +    |      0|  0|  24|          17|          17|
    |tmp_i49_cast_mid2_v_fu_2670_p2   |     +    |      0|  0|  22|          15|          15|
    |tmp_i50_cast_mid2_v_fu_2777_p2   |     +    |      0|  0|  24|          17|          17|
    |tmp_i51_cast_mid2_v_fu_2680_p2   |     +    |      0|  0|  22|          15|          15|
    |tmp_i52_cast_mid2_v_fu_2852_p2   |     +    |      0|  0|  24|          17|          17|
    |tmp_i53_cast_mid2_v_fu_2685_p2   |     +    |      0|  0|  22|          15|          15|
    |tmp_i54_cast_mid2_v_fu_2865_p2   |     +    |      0|  0|  24|          17|          17|
    |tmp_i55_cast_mid2_v_fu_2690_p2   |     +    |      0|  0|  22|          15|          15|
    |tmp_i56_cast_mid2_v_fu_2869_p2   |     +    |      0|  0|  24|          17|          17|
    |tmp_i57_cast_mid2_v_fu_2695_p2   |     +    |      0|  0|  22|          15|          15|
    |tmp_i58_cast_mid2_v_fu_2873_p2   |     +    |      0|  0|  24|          17|          17|
    |tmp_i60_cast_mid2_v_fu_2877_p2   |     +    |      0|  0|  24|          17|          17|
    |tmp_i62_cast_mid2_v_fu_2881_p2   |     +    |      0|  0|  24|          17|          17|
    |tmp_i64_cast_mid2_v_fu_2885_p2   |     +    |      0|  0|  24|          17|          17|
    |tmp_i65_cast_mid2_v_fu_2700_p2   |     +    |      0|  0|  23|          16|          16|
    |tmp_i66_cast_mid2_v_fu_2889_p2   |     +    |      0|  0|  24|          17|          17|
    |tmp_i67_cast_mid2_v_fu_2705_p2   |     +    |      0|  0|  23|          16|          16|
    |tmp_i68_cast_mid2_v_fu_2893_p2   |     +    |      0|  0|  24|          17|          17|
    |tmp_i69_cast_mid2_v_fu_2710_p2   |     +    |      0|  0|  23|          16|          16|
    |tmp_i_cast_mid2_v_fu_1896_p2     |     +    |      0|  0|  19|          12|          12|
    |op_V_read_assign_10_fu_4989_p2   |     -    |      0|  0|  25|          18|          18|
    |op_V_read_assign_1_fu_4851_p2    |     -    |      0|  0|  25|          18|          18|
    |op_V_read_assign_2_fu_4914_p2    |     -    |      0|  0|  25|          18|          18|
    |op_V_read_assign_3_fu_4939_p2    |     -    |      0|  0|  25|          18|          18|
    |op_V_read_assign_4_fu_4956_p2    |     -    |      0|  0|  25|          18|          18|
    |op_V_read_assign_5_fu_4960_p2    |     -    |      0|  0|  25|          18|          18|
    |op_V_read_assign_6_fu_4964_p2    |     -    |      0|  0|  25|          18|          18|
    |op_V_read_assign_7_fu_4968_p2    |     -    |      0|  0|  25|          18|          18|
    |op_V_read_assign_8_fu_4972_p2    |     -    |      0|  0|  25|          18|          18|
    |op_V_read_assign_9_fu_4980_p2    |     -    |      0|  0|  25|          18|          18|
    |op_V_read_assign_fu_4720_p2      |     -    |      0|  0|  25|          18|          18|
    |op_V_read_assign_s_fu_4788_p2    |     -    |      0|  0|  25|          18|          18|
    |tmp_192_fu_1645_p2               |     -    |      0|  0|  16|           9|           9|
    |tmp_207_fu_2133_p2               |     -    |      0|  0|  39|          32|          32|
    |tmp_208_fu_2330_p2               |     -    |      0|  0|  16|           9|           9|
    |tmp_209_fu_2587_p2               |     -    |      0|  0|  16|           9|           9|
    |tmp_210_fu_2919_p2               |     -    |      0|  0|  16|           9|           9|
    |tmp_211_fu_3161_p2               |     -    |      0|  0|  16|           9|           9|
    |tmp_212_fu_3337_p2               |     -    |      0|  0|  16|           9|           9|
    |tmp_225_fu_4613_p2               |     -    |      0|  0|  16|           9|           9|
    |tmp_228_fu_5122_p2               |     -    |      0|  0|  21|          14|          14|
    |tmp_23_mid_fu_1859_p2            |    and   |      0|  0|   2|           1|           1|
    |exitcond1_fu_1302_p2             |   icmp   |      0|  0|   4|           6|           7|
    |exitcond_flatten2_fu_1807_p2     |   icmp   |      0|  0|   6|          10|          11|
    |exitcond_flatten_fu_1825_p2      |   icmp   |      0|  0|   3|           6|           5|
    |icmp12_fu_2962_p2                |   icmp   |      0|  0|   1|           3|           1|
    |icmp15_fu_3102_p2                |   icmp   |      0|  0|   1|           3|           1|
    |icmp18_fu_3204_p2                |   icmp   |      0|  0|   1|           3|           1|
    |icmp21_fu_3278_p2                |   icmp   |      0|  0|   1|           3|           1|
    |icmp24_fu_3458_p2                |   icmp   |      0|  0|   1|           3|           1|
    |icmp27_fu_3510_p2                |   icmp   |      0|  0|   1|           3|           1|
    |icmp30_fu_3032_p2                |   icmp   |      0|  0|   1|           3|           1|
    |icmp33_fu_3614_p2                |   icmp   |      0|  0|   1|           3|           1|
    |icmp36_fu_3658_p2                |   icmp   |      0|  0|   1|           3|           1|
    |icmp37_fu_2435_p2                |   icmp   |      0|  0|   1|           3|           1|
    |icmp38_fu_3562_p2                |   icmp   |      0|  0|   1|           3|           1|
    |icmp39_fu_3702_p2                |   icmp   |      0|  0|   1|           3|           1|
    |icmp3_fu_2612_p2                 |   icmp   |      0|  0|   1|           3|           1|
    |icmp40_fu_3745_p2                |   icmp   |      0|  0|   1|           3|           1|
    |icmp41_fu_3788_p2                |   icmp   |      0|  0|   1|           3|           1|
    |icmp42_fu_3831_p2                |   icmp   |      0|  0|   1|           3|           1|
    |icmp43_fu_3874_p2                |   icmp   |      0|  0|   1|           3|           1|
    |icmp44_fu_3917_p2                |   icmp   |      0|  0|   1|           3|           1|
    |icmp45_fu_3960_p2                |   icmp   |      0|  0|   1|           3|           1|
    |icmp46_fu_4003_p2                |   icmp   |      0|  0|   1|           3|           1|
    |icmp47_fu_4046_p2                |   icmp   |      0|  0|   1|           3|           1|
    |icmp48_fu_4089_p2                |   icmp   |      0|  0|   1|           3|           1|
    |icmp49_fu_4132_p2                |   icmp   |      0|  0|   1|           3|           1|
    |icmp50_fu_4175_p2                |   icmp   |      0|  0|   1|           3|           1|
    |icmp51_fu_4218_p2                |   icmp   |      0|  0|   1|           3|           1|
    |icmp52_fu_4261_p2                |   icmp   |      0|  0|   1|           3|           1|
    |icmp53_fu_4305_p2                |   icmp   |      0|  0|   1|           3|           1|
    |icmp54_fu_4349_p2                |   icmp   |      0|  0|   1|           3|           1|
    |icmp55_fu_4393_p2                |   icmp   |      0|  0|   1|           3|           1|
    |icmp56_fu_4437_p2                |   icmp   |      0|  0|   1|           3|           1|
    |icmp57_fu_4481_p2                |   icmp   |      0|  0|   1|           3|           1|
    |icmp58_fu_4525_p2                |   icmp   |      0|  0|   1|           3|           1|
    |icmp59_fu_4565_p2                |   icmp   |      0|  0|   1|           3|           1|
    |icmp6_fu_2752_p2                 |   icmp   |      0|  0|   1|           3|           1|
    |icmp9_fu_2827_p2                 |   icmp   |      0|  0|   1|           3|           1|
    |icmp_fu_2505_p2                  |   icmp   |      0|  0|   1|           3|           1|
    |tmp_18_fu_4577_p2                |   icmp   |      0|  0|   2|           4|           4|
    |tmp_204_fu_1853_p2               |   icmp   |      0|  0|   2|           3|           4|
    |tmp_31_fu_2441_p2                |   icmp   |      0|  0|  13|          20|          19|
    |tmp_52_0_1_fu_2511_p2            |   icmp   |      0|  0|  13|          20|          19|
    |tmp_52_0_2_fu_2618_p2            |   icmp   |      0|  0|  13|          20|          19|
    |tmp_52_0_3_fu_2758_p2            |   icmp   |      0|  0|  13|          20|          19|
    |tmp_52_0_4_fu_2833_p2            |   icmp   |      0|  0|  13|          20|          19|
    |tmp_52_0_5_fu_2968_p2            |   icmp   |      0|  0|  13|          20|          19|
    |tmp_52_1_1_fu_3108_p2            |   icmp   |      0|  0|  13|          20|          19|
    |tmp_52_1_2_fu_3210_p2            |   icmp   |      0|  0|  13|          20|          19|
    |tmp_52_1_3_fu_3284_p2            |   icmp   |      0|  0|  13|          20|          19|
    |tmp_52_1_4_fu_3464_p2            |   icmp   |      0|  0|  13|          20|          19|
    |tmp_52_1_5_fu_3516_p2            |   icmp   |      0|  0|  13|          20|          19|
    |tmp_52_1_fu_3038_p2              |   icmp   |      0|  0|  13|          20|          19|
    |tmp_52_2_1_fu_3620_p2            |   icmp   |      0|  0|  13|          20|          19|
    |tmp_52_2_2_fu_3664_p2            |   icmp   |      0|  0|  13|          20|          19|
    |tmp_52_2_3_fu_3708_p2            |   icmp   |      0|  0|  13|          20|          19|
    |tmp_52_2_4_fu_3751_p2            |   icmp   |      0|  0|  13|          20|          19|
    |tmp_52_2_5_fu_3794_p2            |   icmp   |      0|  0|  13|          20|          19|
    |tmp_52_2_fu_3568_p2              |   icmp   |      0|  0|  13|          20|          19|
    |tmp_52_3_1_fu_3880_p2            |   icmp   |      0|  0|  13|          20|          19|
    |tmp_52_3_2_fu_3923_p2            |   icmp   |      0|  0|  13|          20|          19|
    |tmp_52_3_3_fu_3966_p2            |   icmp   |      0|  0|  13|          20|          19|
    |tmp_52_3_4_fu_4009_p2            |   icmp   |      0|  0|  13|          20|          19|
    |tmp_52_3_5_fu_4052_p2            |   icmp   |      0|  0|  13|          20|          19|
    |tmp_52_3_fu_3837_p2              |   icmp   |      0|  0|  13|          20|          19|
    |tmp_52_4_1_fu_4138_p2            |   icmp   |      0|  0|  13|          20|          19|
    |tmp_52_4_2_fu_4181_p2            |   icmp   |      0|  0|  13|          20|          19|
    |tmp_52_4_3_fu_4224_p2            |   icmp   |      0|  0|  13|          20|          19|
    |tmp_52_4_4_fu_4267_p2            |   icmp   |      0|  0|  13|          20|          19|
    |tmp_52_4_5_fu_4311_p2            |   icmp   |      0|  0|  13|          20|          19|
    |tmp_52_4_fu_4095_p2              |   icmp   |      0|  0|  13|          20|          19|
    |tmp_52_5_1_fu_4399_p2            |   icmp   |      0|  0|  13|          20|          19|
    |tmp_52_5_2_fu_4443_p2            |   icmp   |      0|  0|  13|          20|          19|
    |tmp_52_5_3_fu_4487_p2            |   icmp   |      0|  0|  13|          20|          19|
    |tmp_52_5_4_fu_4531_p2            |   icmp   |      0|  0|  13|          20|          19|
    |tmp_52_5_5_fu_4571_p2            |   icmp   |      0|  0|  13|          20|          19|
    |tmp_52_5_fu_4355_p2              |   icmp   |      0|  0|  13|          20|          19|
    |tmp_s_fu_1609_p2                 |   icmp   |      0|  0|   2|           4|           4|
    |oh_V_2_mid1_fu_1992_p2           |    or    |      0|  0|   3|           3|           1|
    |oh_V_2_s_fu_1777_p2              |    or    |      0|  0|   3|           3|           1|
    |ow_V_2_0_s_fu_2195_p2            |    or    |      0|  0|   3|           3|           1|
    |tmp_193_fu_1656_p2               |    or    |      0|  0|   9|           9|           1|
    |tmp_194_fu_1667_p2               |    or    |      0|  0|   9|           9|           2|
    |tmp_195_fu_1677_p2               |    or    |      0|  0|   9|           9|           2|
    |tmp_205_fu_1865_p2               |    or    |      0|  0|   2|           1|           1|
    |tmp_215_fu_2170_p2               |    or    |      0|  0|   3|           1|           3|
    |tmp_229_fu_5132_p2               |    or    |      0|  0|   6|           1|           6|
    |tmp_235_fu_4624_p2               |    or    |      0|  0|  32|          32|           1|
    |tmp_241_fu_4639_p2               |    or    |      0|  0|   9|           9|           2|
    |tmp_247_fu_5225_p2               |    or    |      0|  0|   6|           1|           6|
    |tmp_252_fu_4659_p2               |    or    |      0|  0|   9|           9|           2|
    |tmp_268_fu_5307_p2               |    or    |      0|  0|   6|           1|           6|
    |tmp_278_fu_5389_p2               |    or    |      0|  0|   6|           1|           6|
    |tmp_288_fu_5471_p2               |    or    |      0|  0|   6|           1|           6|
    |tmp_298_fu_5553_p2               |    or    |      0|  0|   6|           1|           6|
    |tmp_330_fu_2201_p2               |    or    |      0|  0|   3|           1|           3|
    |agg_result_V_i37_fu_5090_p3      |  select  |      0|  0|  17|           1|           1|
    |agg_result_V_i38_fu_5173_p3      |  select  |      0|  0|  17|           1|           1|
    |agg_result_V_i39_fu_5210_p3      |  select  |      0|  0|  17|           1|           1|
    |agg_result_V_i40_fu_5255_p3      |  select  |      0|  0|  17|           1|           1|
    |agg_result_V_i42_fu_5292_p3      |  select  |      0|  0|  17|           1|           1|
    |agg_result_V_i43_fu_5337_p3      |  select  |      0|  0|  17|           1|           1|
    |agg_result_V_i44_fu_5374_p3      |  select  |      0|  0|  17|           1|           1|
    |agg_result_V_i45_fu_5419_p3      |  select  |      0|  0|  17|           1|           1|
    |agg_result_V_i47_fu_5456_p3      |  select  |      0|  0|  17|           1|           1|
    |agg_result_V_i48_fu_5501_p3      |  select  |      0|  0|  17|           1|           1|
    |agg_result_V_i49_fu_5538_p3      |  select  |      0|  0|  17|           1|           1|
    |agg_result_V_i50_fu_5583_p3      |  select  |      0|  0|  17|           1|           1|
    |indvar_flatten_next_fu_1885_p3   |  select  |      0|  0|   6|           1|           1|
    |p_3_mid2_fu_2057_p3              |  select  |      0|  0|   3|           1|           3|
    |p_3_mid_fu_1831_p3               |  select  |      0|  0|   3|           1|           1|
    |p_4_mid2_fu_1871_p3              |  select  |      0|  0|   3|           1|           1|
    |tmp_17_mid2_v_fu_1839_p3         |  select  |      0|  0|   6|           1|           6|
    |tmp_231_v_fu_1967_p3             |  select  |      0|  0|   3|           1|           3|
    |tmp_27_mid2_fu_1985_p3           |  select  |      0|  0|   3|           1|           3|
    |tmp_27_mid_fu_1916_p3            |  select  |      0|  0|   3|           1|           1|
    |tmp_44_1_mid2_fu_1998_p3         |  select  |      0|  0|   3|           1|           3|
    |tmp_44_1_mid_fu_1922_p3          |  select  |      0|  0|   3|           1|           1|
    |tmp_44_2_mid2_fu_2011_p3         |  select  |      0|  0|   4|           1|           4|
    |tmp_44_2_mid_fu_1928_p3          |  select  |      0|  0|   4|           1|           2|
    |tmp_44_3_mid2_fu_2024_p3         |  select  |      0|  0|   4|           1|           4|
    |tmp_44_3_mid_fu_1934_p3          |  select  |      0|  0|   4|           1|           2|
    |tmp_44_4_mid2_fu_2037_p3         |  select  |      0|  0|   4|           1|           4|
    |tmp_44_4_mid_fu_1940_p3          |  select  |      0|  0|   4|           1|           3|
    |tmp_44_5_mid2_fu_2050_p3         |  select  |      0|  0|   4|           1|           4|
    |tmp_44_5_mid_fu_1946_p3          |  select  |      0|  0|   4|           1|           3|
    |ap_enable_pp1                    |    xor   |      0|  0|   2|           1|           2|
    |ap_enable_pp2                    |    xor   |      0|  0|   2|           1|           2|
    |ap_enable_reg_pp1_iter1          |    xor   |      0|  0|   2|           1|           2|
    |ap_enable_reg_pp2_iter1          |    xor   |      0|  0|   2|           1|           2|
    |not_exitcond_flatten_fu_1847_p2  |    xor   |      0|  0|   2|           1|           2|
    +---------------------------------+----------+-------+---+----+------------+------------+
    |Total                            |          |      0|  0|4645|        3313|        3211|
    +---------------------------------+----------+-------+---+----+------------+------------+

    * Multiplexer: 
    +--------------------------------+-----+-----------+-----+-----------+
    |              Name              | LUT | Input Size| Bits| Total Bits|
    +--------------------------------+-----+-----------+-----+-----------+
    |ap_NS_fsm                       |  349|         79|    1|         79|
    |ap_enable_reg_pp1_iter1         |   15|          3|    1|          3|
    |ap_enable_reg_pp2_iter1         |    9|          2|    1|          2|
    |ap_enable_reg_pp2_iter3         |    9|          2|    1|          2|
    |indvar_flatten2_phi_fu_1143_p4  |    9|          2|   10|         20|
    |indvar_flatten2_reg_1139        |    9|          2|   10|         20|
    |indvar_flatten_phi_fu_1165_p4   |    9|          2|    6|         12|
    |indvar_flatten_reg_1161         |    9|          2|    6|         12|
    |kernel_V_address0               |   93|         19|   16|        304|
    |kernel_V_address1               |   93|         19|   16|        304|
    |out_V_address0                  |   56|         13|   13|        169|
    |out_V_d0                        |   56|         13|   17|        221|
    |p_1_phi_fu_1154_p4              |    9|          2|    6|         12|
    |p_1_reg_1150                    |    9|          2|    6|         12|
    |p_2_phi_fu_1198_p4              |    9|          2|    4|          8|
    |p_2_reg_1194                    |    9|          2|    4|          8|
    |p_3_phi_fu_1176_p4              |    9|          2|    3|          6|
    |p_3_reg_1172                    |    9|          2|    3|          6|
    |p_4_phi_fu_1187_p4              |    9|          2|    3|          6|
    |p_4_reg_1183                    |    9|          2|    3|          6|
    |p_9_reg_1128                    |    9|          2|    4|          8|
    |p_s_reg_1116                    |    9|          2|    6|         12|
    |reg_1210                        |    9|          2|   18|         36|
    |reg_1219                        |    9|          2|   18|         36|
    |reg_1228                        |    9|          2|   20|         40|
    |reg_1233                        |    9|          2|   18|         36|
    |reg_1242                        |    9|          2|   20|         40|
    |reg_1247                        |    9|          2|   18|         36|
    |reg_1252                        |    9|          2|   20|         40|
    |reg_1257                        |    9|          2|   18|         36|
    |reg_1262                        |    9|          2|   20|         40|
    |reg_1267                        |    9|          2|   18|         36|
    |reg_1272                        |    9|          2|   20|         40|
    |reg_1277                        |    9|          2|   18|         36|
    |reg_1282                        |    9|          2|   20|         40|
    |reg_1287                        |    9|          2|   18|         36|
    |reg_1292                        |    9|          2|   20|         40|
    |reg_1297                        |    9|          2|   20|         40|
    |temp_V_address0                 |  209|         48|    8|        384|
    |temp_V_address1                 |  209|         48|    8|        384|
    |temp_V_d0                       |  105|         22|   20|        440|
    |temp_V_d1                       |  105|         22|   20|        440|
    +--------------------------------+-----+-----------+-----+-----------+
    |Total                           | 1578|        350|  500|       3488|
    +--------------------------------+-----+-----------+-----+-----------+

    * Register: 
    +-------------------------------+----+----+-----+-----------+
    |              Name             | FF | LUT| Bits| Const Bits|
    +-------------------------------+----+----+-----+-----------+
    |agg_result_V_i36_reg_6468      |  18|   0|   18|          0|
    |agg_result_V_i37_reg_7897      |  17|   0|   17|          0|
    |agg_result_V_i38_reg_7902      |  17|   0|   17|          0|
    |agg_result_V_i39_reg_7907      |  17|   0|   17|          0|
    |agg_result_V_i40_reg_7912      |  17|   0|   17|          0|
    |agg_result_V_i41_reg_6501      |  18|   0|   18|          0|
    |agg_result_V_i42_reg_7917      |  17|   0|   17|          0|
    |agg_result_V_i43_reg_7922      |  17|   0|   17|          0|
    |agg_result_V_i44_reg_7927      |  17|   0|   17|          0|
    |agg_result_V_i45_reg_7932      |  17|   0|   17|          0|
    |agg_result_V_i46_reg_6544      |  18|   0|   18|          0|
    |agg_result_V_i47_reg_7937      |  17|   0|   17|          0|
    |agg_result_V_i48_reg_7942      |  17|   0|   17|          0|
    |agg_result_V_i49_reg_7947      |  17|   0|   17|          0|
    |agg_result_V_i50_reg_7952      |  17|   0|   17|          0|
    |agg_result_V_i51_reg_6627      |  18|   0|   18|          0|
    |agg_result_V_i52_reg_6665      |  18|   0|   18|          0|
    |agg_result_V_i53_reg_6758      |  18|   0|   18|          0|
    |agg_result_V_i54_reg_6801      |  18|   0|   18|          0|
    |agg_result_V_i55_reg_6849      |  18|   0|   18|          0|
    |agg_result_V_i56_reg_6907      |  18|   0|   18|          0|
    |agg_result_V_i57_reg_6955      |  18|   0|   18|          0|
    |agg_result_V_i58_reg_7049      |  18|   0|   18|          0|
    |agg_result_V_i59_reg_7087      |  18|   0|   18|          0|
    |agg_result_V_i60_reg_7125      |  18|   0|   18|          0|
    |agg_result_V_i61_reg_7163      |  18|   0|   18|          0|
    |agg_result_V_i62_reg_7191      |  18|   0|   18|          0|
    |agg_result_V_i63_reg_7214      |  18|   0|   18|          0|
    |agg_result_V_i64_reg_7237      |  18|   0|   18|          0|
    |agg_result_V_i65_reg_7255      |  18|   0|   18|          0|
    |agg_result_V_i66_reg_7273      |  18|   0|   18|          0|
    |agg_result_V_i67_reg_7291      |  18|   0|   18|          0|
    |agg_result_V_i68_reg_7309      |  18|   0|   18|          0|
    |agg_result_V_i69_reg_7327      |  18|   0|   18|          0|
    |agg_result_V_i70_reg_7345      |  18|   0|   18|          0|
    |agg_result_V_i71_reg_7363      |  18|   0|   18|          0|
    |agg_result_V_i72_reg_7381      |  18|   0|   18|          0|
    |agg_result_V_i73_reg_7399      |  18|   0|   18|          0|
    |agg_result_V_i74_reg_7417      |  18|   0|   18|          0|
    |agg_result_V_i75_reg_7435      |  18|   0|   18|          0|
    |agg_result_V_i76_reg_7453      |  18|   0|   18|          0|
    |agg_result_V_i77_reg_7466      |  18|   0|   18|          0|
    |agg_result_V_i78_reg_7479      |  18|   0|   18|          0|
    |agg_result_V_i79_reg_7492      |  18|   0|   18|          0|
    |agg_result_V_i80_reg_7505      |  18|   0|   18|          0|
    |agg_result_V_i81_reg_7518      |  18|   0|   18|          0|
    |agg_result_V_i82_reg_7531      |  18|   0|   18|          0|
    |agg_result_V_i_reg_6386        |  18|   0|   18|          0|
    |ap_CS_fsm                      |  78|   0|   78|          0|
    |ap_enable_reg_pp1_iter0        |   1|   0|    1|          0|
    |ap_enable_reg_pp1_iter1        |   1|   0|    1|          0|
    |ap_enable_reg_pp2_iter0        |   1|   0|    1|          0|
    |ap_enable_reg_pp2_iter1        |   1|   0|    1|          0|
    |ap_enable_reg_pp2_iter2        |   1|   0|    1|          0|
    |ap_enable_reg_pp2_iter3        |   1|   0|    1|          0|
    |exitcond_flatten2_reg_6072     |   1|   0|    1|          0|
    |exitcond_flatten_reg_6081      |   1|   0|    1|          0|
    |i_V_reg_6023                   |   4|   0|    4|          0|
    |icmp12_reg_6750                |   1|   0|    1|          0|
    |icmp15_reg_6841                |   1|   0|    1|          0|
    |icmp18_reg_6899                |   1|   0|    1|          0|
    |icmp21_reg_6947                |   1|   0|    1|          0|
    |icmp24_reg_7041                |   1|   0|    1|          0|
    |icmp27_reg_7079                |   1|   0|    1|          0|
    |icmp30_reg_6793                |   1|   0|    1|          0|
    |icmp33_reg_7155                |   1|   0|    1|          0|
    |icmp36_reg_7183                |   1|   0|    1|          0|
    |icmp37_reg_6447                |   1|   0|    1|          0|
    |icmp38_reg_7117                |   1|   0|    1|          0|
    |icmp39_reg_7206                |   1|   0|    1|          0|
    |icmp3_reg_6536                 |   1|   0|    1|          0|
    |icmp40_reg_7229                |   1|   0|    1|          0|
    |icmp41_reg_7247                |   1|   0|    1|          0|
    |icmp42_reg_7265                |   1|   0|    1|          0|
    |icmp43_reg_7283                |   1|   0|    1|          0|
    |icmp44_reg_7301                |   1|   0|    1|          0|
    |icmp45_reg_7319                |   1|   0|    1|          0|
    |icmp46_reg_7337                |   1|   0|    1|          0|
    |icmp47_reg_7355                |   1|   0|    1|          0|
    |icmp48_reg_7373                |   1|   0|    1|          0|
    |icmp49_reg_7391                |   1|   0|    1|          0|
    |icmp50_reg_7409                |   1|   0|    1|          0|
    |icmp51_reg_7427                |   1|   0|    1|          0|
    |icmp52_reg_7445                |   1|   0|    1|          0|
    |icmp53_reg_7458                |   1|   0|    1|          0|
    |icmp54_reg_7471                |   1|   0|    1|          0|
    |icmp55_reg_7484                |   1|   0|    1|          0|
    |icmp56_reg_7497                |   1|   0|    1|          0|
    |icmp57_reg_7510                |   1|   0|    1|          0|
    |icmp58_reg_7523                |   1|   0|    1|          0|
    |icmp59_reg_7536                |   1|   0|    1|          0|
    |icmp6_reg_6619                 |   1|   0|    1|          0|
    |icmp9_reg_6657                 |   1|   0|    1|          0|
    |icmp_reg_6488                  |   1|   0|    1|          0|
    |in_V_load_reg_6282             |  17|   0|   17|          0|
    |indvar_flatten2_reg_1139       |  10|   0|   10|          0|
    |indvar_flatten_next2_reg_6076  |  10|   0|   10|          0|
    |indvar_flatten_next_reg_6129   |   6|   0|    6|          0|
    |indvar_flatten_reg_1161        |   6|   0|    6|          0|
    |iw_V_reg_6190                  |   3|   0|    3|          0|
    |kernel_V_load_52_reg_6670      |  18|   0|   18|          0|
    |kernel_V_load_54_reg_6763      |  18|   0|   18|          0|
    |kernel_V_load_56_reg_6811      |  18|   0|   18|          0|
    |kernel_V_load_58_reg_6859      |  18|   0|   18|          0|
    |kernel_V_load_60_reg_6917      |  18|   0|   18|          0|
    |kernel_V_load_62_reg_6965      |  18|   0|   18|          0|
    |kernel_V_load_64_reg_7059      |  18|   0|   18|          0|
    |kernel_V_load_66_reg_7097      |  18|   0|   18|          0|
    |kernel_V_load_68_reg_7135      |  18|   0|   18|          0|
    |kernel_V_load_70_reg_7173      |  18|   0|   18|          0|
    |mean_V_addr_reg_7544           |   5|   0|    5|          0|
    |mean_V_load_reg_7610           |  18|   0|   18|          0|
    |oc_V_reg_5828                  |   6|   0|    6|          0|
    |oh_V_2_2_reg_6052              |   3|   0|    4|          1|
    |oh_V_2_3_reg_6057              |   3|   0|    4|          1|
    |oh_V_2_4_reg_6062              |   3|   0|    4|          1|
    |oh_V_2_5_reg_6067              |   3|   0|    4|          1|
    |oh_V_2_s_reg_6047              |   2|   0|    3|          1|
    |oh_V_reg_7558                  |   4|   0|    4|          0|
    |op_V_read_assign_10_reg_7857   |  18|   0|   18|          0|
    |op_V_read_assign_4_reg_7827    |  18|   0|   18|          0|
    |op_V_read_assign_5_reg_7832    |  18|   0|   18|          0|
    |op_V_read_assign_6_reg_7837    |  18|   0|   18|          0|
    |op_V_read_assign_7_reg_7842    |  18|   0|   18|          0|
    |op_V_read_assign_8_reg_7847    |  18|   0|   18|          0|
    |op_V_read_assign_9_reg_7852    |  18|   0|   18|          0|
    |ow_V_2_0_s_reg_6256            |   2|   0|    3|          1|
    |p_1_reg_1150                   |   6|   0|    6|          0|
    |p_2_reg_1194                   |   4|   0|    4|          0|
    |p_3_mid2_reg_6180              |   3|   0|    3|          0|
    |p_3_mid_reg_6091               |   3|   0|    3|          0|
    |p_3_reg_1172                   |   3|   0|    3|          0|
    |p_4_mid2_reg_6122              |   3|   0|    3|          0|
    |p_4_reg_1183                   |   3|   0|    3|          0|
    |p_9_reg_1128                   |   4|   0|    4|          0|
    |p_s_reg_1116                   |   6|   0|    6|          0|
    |reg_1206                       |  18|   0|   18|          0|
    |reg_1210                       |  18|   0|   18|          0|
    |reg_1215                       |  18|   0|   18|          0|
    |reg_1219                       |  18|   0|   18|          0|
    |reg_1224                       |  20|   0|   20|          0|
    |reg_1228                       |  20|   0|   20|          0|
    |reg_1233                       |  18|   0|   18|          0|
    |reg_1238                       |  20|   0|   20|          0|
    |reg_1242                       |  20|   0|   20|          0|
    |reg_1247                       |  18|   0|   18|          0|
    |reg_1252                       |  20|   0|   20|          0|
    |reg_1257                       |  18|   0|   18|          0|
    |reg_1262                       |  20|   0|   20|          0|
    |reg_1267                       |  18|   0|   18|          0|
    |reg_1272                       |  20|   0|   20|          0|
    |reg_1277                       |  18|   0|   18|          0|
    |reg_1282                       |  20|   0|   20|          0|
    |reg_1287                       |  18|   0|   18|          0|
    |reg_1292                       |  20|   0|   20|          0|
    |reg_1297                       |  20|   0|   20|          0|
    |std_V_addr_reg_7549            |   5|   0|    5|          0|
    |temp_V_addr_106_reg_6251       |   7|   0|    8|          1|
    |temp_V_addr_107_reg_6261       |   7|   0|    8|          1|
    |temp_V_addr_108_reg_6296       |   7|   0|    8|          1|
    |temp_V_addr_109_reg_6310       |   7|   0|    8|          1|
    |temp_V_addr_110_reg_6400       |   7|   0|    8|          1|
    |temp_V_addr_111_reg_6414       |   7|   0|    8|          1|
    |temp_V_addr_112_reg_6437       |   7|   0|    8|          1|
    |temp_V_addr_113_reg_6463       |   7|   0|    8|          1|
    |temp_V_addr_114_reg_6496       |   7|   0|    8|          1|
    |temp_V_addr_115_reg_6506       |   7|   0|    8|          1|
    |temp_V_addr_116_reg_6549       |   7|   0|    8|          1|
    |temp_V_addr_117_reg_6554       |   7|   0|    8|          1|
    |temp_V_addr_118_reg_6604       |   7|   0|    8|          1|
    |temp_V_addr_119_reg_6609       |   7|   0|    8|          1|
    |temp_V_addr_120_reg_6642       |   7|   0|    8|          1|
    |temp_V_addr_121_reg_6647       |   7|   0|    8|          1|
    |temp_V_addr_122_reg_6735       |   7|   0|    8|          1|
    |temp_V_addr_123_reg_6740       |   7|   0|    8|          1|
    |temp_V_addr_124_reg_6778       |   7|   0|    8|          1|
    |temp_V_addr_125_reg_6783       |   7|   0|    8|          1|
    |temp_V_addr_126_reg_6826       |   7|   0|    8|          1|
    |temp_V_addr_127_reg_6831       |   7|   0|    8|          1|
    |temp_V_addr_128_reg_6884       |   7|   0|    8|          1|
    |temp_V_addr_129_reg_6889       |   7|   0|    8|          1|
    |temp_V_addr_130_reg_6932       |   7|   0|    8|          1|
    |temp_V_addr_131_reg_6937       |   7|   0|    8|          1|
    |temp_V_addr_132_reg_6992       |   7|   0|    8|          1|
    |temp_V_addr_133_reg_7003       |   7|   0|    8|          1|
    |temp_V_addr_134_reg_7014       |   7|   0|    8|          1|
    |temp_V_addr_135_reg_7025       |   7|   0|    8|          1|
    |temp_V_addr_136_reg_6980       |   7|   0|    8|          1|
    |temp_V_addr_137_reg_6986       |   7|   0|    8|          1|
    |temp_V_addr_138_reg_6997       |   7|   0|    8|          1|
    |temp_V_addr_139_reg_7008       |   7|   0|    8|          1|
    |temp_V_addr_140_reg_7019       |   7|   0|    8|          1|
    |temp_V_addr_141_reg_7030       |   7|   0|    8|          1|
    |temp_V_load_81_reg_6806        |  20|   0|   20|          0|
    |temp_V_load_83_reg_6854        |  20|   0|   20|          0|
    |temp_V_load_85_reg_6912        |  20|   0|   20|          0|
    |temp_V_load_87_reg_6960        |  20|   0|   20|          0|
    |temp_V_load_89_reg_7054        |  20|   0|   20|          0|
    |temp_V_load_91_reg_7092        |  20|   0|   20|          0|
    |temp_V_load_93_reg_7130        |  20|   0|   20|          0|
    |temp_V_load_95_reg_7168        |  20|   0|   20|          0|
    |temp_V_load_97_reg_7196        |  20|   0|   20|          0|
    |temp_V_load_99_reg_7219        |  20|   0|   20|          0|
    |tmp_16_reg_6014                |  20|   0|   20|          0|
    |tmp_176_cast_reg_5854          |   6|   0|   12|          6|
    |tmp_176_reg_5859               |   7|   0|   12|          5|
    |tmp_177_reg_5869               |   8|   0|   13|          5|
    |tmp_178_cast_reg_5864          |   6|   0|   17|         11|
    |tmp_178_reg_5879               |   8|   0|   13|          5|
    |tmp_179_reg_5889               |   9|   0|   14|          5|
    |tmp_17_mid2_cast5_reg_6195     |   6|   0|   17|         11|
    |tmp_17_mid2_v_reg_6098         |   6|   0|    6|          0|
    |tmp_180_cast_reg_5874          |   6|   0|   17|         11|
    |tmp_180_reg_5899               |   9|   0|   14|          5|
    |tmp_181_reg_5909               |   9|   0|   14|          5|
    |tmp_182_cast_reg_5884          |   6|   0|   17|         11|
    |tmp_182_reg_5924               |  10|   0|   15|          5|
    |tmp_183_reg_5934               |  10|   0|   15|          5|
    |tmp_184_cast_reg_5894          |   6|   0|   17|         11|
    |tmp_184_reg_5944               |  10|   0|   15|          5|
    |tmp_185_reg_5954               |  10|   0|   15|          5|
    |tmp_186_cast_reg_5904          |   6|   0|   17|         11|
    |tmp_186_reg_5964               |  10|   0|   15|          5|
    |tmp_187_reg_5989               |  11|   0|   16|          5|
    |tmp_188_cast_reg_5914          |   6|   0|   17|         11|
    |tmp_188_reg_5999               |  11|   0|   16|          5|
    |tmp_189_reg_6009               |  11|   0|   16|          5|
    |tmp_18_reg_7554                |   1|   0|    1|          0|
    |tmp_190_cast_reg_5919          |   6|   0|   17|         11|
    |tmp_192_cast_reg_5929          |   6|   0|   17|         11|
    |tmp_192_reg_6028               |   7|   0|    9|          2|
    |tmp_194_cast_reg_5939          |   6|   0|   17|         11|
    |tmp_196_cast_reg_5949          |   6|   0|   17|         11|
    |tmp_198_cast_reg_5959          |   6|   0|   17|         11|
    |tmp_200_cast_reg_5969          |   6|   0|   17|         11|
    |tmp_202_cast_reg_5974          |   6|   0|   17|         11|
    |tmp_204_cast_reg_5979          |   6|   0|   17|         11|
    |tmp_206_cast_reg_5984          |   6|   0|   17|         11|
    |tmp_208_cast_reg_5994          |   6|   0|   17|         11|
    |tmp_208_reg_6337               |   6|   0|    9|          3|
    |tmp_209_reg_6521               |   6|   0|    9|          3|
    |tmp_210_cast_reg_6004          |   6|   0|   17|         11|
    |tmp_210_reg_6725               |   6|   0|    9|          3|
    |tmp_211_reg_6874               |   6|   0|    9|          3|
    |tmp_213_reg_6185               |   6|   0|    6|          0|
    |tmp_225_reg_7563               |   7|   0|    9|          2|
    |tmp_230_reg_6042               |   2|   0|    3|          1|
    |tmp_237_reg_6232               |   6|   0|    9|          3|
    |tmp_23_mid_reg_6110            |   1|   0|    1|          0|
    |tmp_24_cast2_reg_6276          |   2|   0|    4|          2|
    |tmp_252_reg_7595               |   7|   0|    9|          2|
    |tmp_254_reg_6240               |   2|   0|    3|          1|
    |tmp_260_reg_7570               |   7|   0|    9|          2|
    |tmp_261_reg_7575               |   0|   0|    1|          1|
    |tmp_262_reg_7590               |   7|   0|    8|          1|
    |tmp_266_reg_7646               |   0|   0|    1|          1|
    |tmp_267_cast1_reg_7636         |   8|   0|   10|          2|
    |tmp_269_reg_7651               |   8|   0|    9|          1|
    |tmp_273_reg_7656               |   7|   0|    9|          2|
    |tmp_276_reg_7702               |   0|   0|    1|          1|
    |tmp_279_reg_7707               |   8|   0|    9|          1|
    |tmp_27_cast_reg_6429           |   2|   0|    9|          7|
    |tmp_27_mid2_reg_6144           |   2|   0|    3|          1|
    |tmp_283_reg_7712               |   7|   0|    9|          2|
    |tmp_286_reg_7742               |   0|   0|    1|          1|
    |tmp_289_reg_7747               |   8|   0|    9|          1|
    |tmp_293_reg_7752               |   7|   0|    9|          2|
    |tmp_296_reg_7782               |   0|   0|    1|          1|
    |tmp_299_reg_7787               |   8|   0|    9|          1|
    |tmp_29_reg_6442                |  20|   0|   20|          0|
    |tmp_303_reg_7792               |   7|   0|    9|          2|
    |tmp_305_reg_7626               |  18|   0|   18|          0|
    |tmp_308_reg_7631               |  18|   0|   18|          0|
    |tmp_311_reg_7692               |  18|   0|   18|          0|
    |tmp_314_reg_7697               |  18|   0|   18|          0|
    |tmp_317_reg_7732               |  18|   0|   18|          0|
    |tmp_31_reg_6451                |   1|   0|    1|          0|
    |tmp_320_reg_7737               |  18|   0|   18|          0|
    |tmp_323_reg_7772               |  18|   0|   18|          0|
    |tmp_326_reg_7777               |  18|   0|   18|          0|
    |tmp_329_reg_7812               |  18|   0|   18|          0|
    |tmp_363_reg_7817               |  18|   0|   18|          0|
    |tmp_44_1_mid2_reg_6150         |   2|   0|    3|          1|
    |tmp_44_2_mid2_reg_6156         |   3|   0|    4|          1|
    |tmp_44_3_mid2_reg_6162         |   3|   0|    4|          1|
    |tmp_44_4_mid2_reg_6168         |   3|   0|    4|          1|
    |tmp_44_5_mid2_reg_6174         |   3|   0|    4|          1|
    |tmp_47_0_1_cast_reg_6455       |   2|   0|    9|          7|
    |tmp_47_0_2_cast_reg_6287       |   3|   0|    9|          6|
    |tmp_47_0_3_cast_reg_6301       |   3|   0|    9|          6|
    |tmp_47_0_4_cast_reg_6391       |   3|   0|    9|          6|
    |tmp_47_0_5_cast_reg_6405       |   3|   0|    9|          6|
    |tmp_50_0_1_reg_6483            |  20|   0|   20|          0|
    |tmp_50_0_2_reg_6531            |  20|   0|   20|          0|
    |tmp_50_0_3_reg_6614            |  20|   0|   20|          0|
    |tmp_50_0_4_reg_6652            |  20|   0|   20|          0|
    |tmp_50_0_5_reg_6745            |  20|   0|   20|          0|
    |tmp_50_1_1_reg_6836            |  20|   0|   20|          0|
    |tmp_50_1_2_reg_6894            |  20|   0|   20|          0|
    |tmp_50_1_3_reg_6942            |  20|   0|   20|          0|
    |tmp_50_1_4_reg_7036            |  20|   0|   20|          0|
    |tmp_50_1_5_reg_7074            |  20|   0|   20|          0|
    |tmp_50_1_reg_6788              |  20|   0|   20|          0|
    |tmp_50_2_1_reg_7150            |  20|   0|   20|          0|
    |tmp_50_2_2_reg_7178            |  20|   0|   20|          0|
    |tmp_50_2_3_reg_7201            |  20|   0|   20|          0|
    |tmp_50_2_4_reg_7224            |  20|   0|   20|          0|
    |tmp_50_2_5_reg_7242            |  20|   0|   20|          0|
    |tmp_50_2_reg_7112              |  20|   0|   20|          0|
    |tmp_50_3_1_reg_7278            |  20|   0|   20|          0|
    |tmp_50_3_2_reg_7296            |  20|   0|   20|          0|
    |tmp_50_3_3_reg_7314            |  20|   0|   20|          0|
    |tmp_50_3_4_reg_7332            |  20|   0|   20|          0|
    |tmp_50_3_5_reg_7350            |  20|   0|   20|          0|
    |tmp_50_3_reg_7260              |  20|   0|   20|          0|
    |tmp_50_4_1_reg_7386            |  20|   0|   20|          0|
    |tmp_50_4_2_reg_7404            |  20|   0|   20|          0|
    |tmp_50_4_3_reg_7422            |  20|   0|   20|          0|
    |tmp_50_4_4_reg_7440            |  20|   0|   20|          0|
    |tmp_50_4_reg_7368              |  20|   0|   20|          0|
    |tmp_52_0_1_reg_6492            |   1|   0|    1|          0|
    |tmp_52_0_2_reg_6540            |   1|   0|    1|          0|
    |tmp_52_0_3_reg_6623            |   1|   0|    1|          0|
    |tmp_52_0_4_reg_6661            |   1|   0|    1|          0|
    |tmp_52_0_5_reg_6754            |   1|   0|    1|          0|
    |tmp_52_1_1_reg_6845            |   1|   0|    1|          0|
    |tmp_52_1_2_reg_6903            |   1|   0|    1|          0|
    |tmp_52_1_3_reg_6951            |   1|   0|    1|          0|
    |tmp_52_1_4_reg_7045            |   1|   0|    1|          0|
    |tmp_52_1_5_reg_7083            |   1|   0|    1|          0|
    |tmp_52_1_reg_6797              |   1|   0|    1|          0|
    |tmp_52_2_1_reg_7159            |   1|   0|    1|          0|
    |tmp_52_2_2_reg_7187            |   1|   0|    1|          0|
    |tmp_52_2_3_reg_7210            |   1|   0|    1|          0|
    |tmp_52_2_4_reg_7233            |   1|   0|    1|          0|
    |tmp_52_2_5_reg_7251            |   1|   0|    1|          0|
    |tmp_52_2_reg_7121              |   1|   0|    1|          0|
    |tmp_52_3_1_reg_7287            |   1|   0|    1|          0|
    |tmp_52_3_2_reg_7305            |   1|   0|    1|          0|
    |tmp_52_3_3_reg_7323            |   1|   0|    1|          0|
    |tmp_52_3_4_reg_7341            |   1|   0|    1|          0|
    |tmp_52_3_5_reg_7359            |   1|   0|    1|          0|
    |tmp_52_3_reg_7269              |   1|   0|    1|          0|
    |tmp_52_4_1_reg_7395            |   1|   0|    1|          0|
    |tmp_52_4_2_reg_7413            |   1|   0|    1|          0|
    |tmp_52_4_3_reg_7431            |   1|   0|    1|          0|
    |tmp_52_4_4_reg_7449            |   1|   0|    1|          0|
    |tmp_52_4_5_reg_7462            |   1|   0|    1|          0|
    |tmp_52_4_reg_7377              |   1|   0|    1|          0|
    |tmp_52_5_1_reg_7488            |   1|   0|    1|          0|
    |tmp_52_5_2_reg_7501            |   1|   0|    1|          0|
    |tmp_52_5_3_reg_7514            |   1|   0|    1|          0|
    |tmp_52_5_4_reg_7527            |   1|   0|    1|          0|
    |tmp_52_5_5_reg_7540            |   1|   0|    1|          0|
    |tmp_52_5_reg_7475              |   1|   0|    1|          0|
    |tmp_cast_reg_5844              |   6|   0|   14|          8|
    |tmp_i39_cast_mid2_v_reg_6225   |  13|   0|   13|          0|
    |tmp_i43_cast_mid2_v_reg_6325   |  14|   0|   14|          0|
    |tmp_i45_cast_mid2_v_reg_6331   |  14|   0|   14|          0|
    |tmp_i51_cast_mid2_v_reg_6569   |  15|   0|   15|          0|
    |tmp_i53_cast_mid2_v_reg_6574   |  15|   0|   15|          0|
    |tmp_i54_cast_mid2_v_reg_6685   |  17|   0|   17|          0|
    |tmp_i55_cast_mid2_v_reg_6579   |  15|   0|   15|          0|
    |tmp_i56_cast_mid2_v_reg_6690   |  17|   0|   17|          0|
    |tmp_i57_cast_mid2_v_reg_6584   |  15|   0|   15|          0|
    |tmp_i58_cast_mid2_v_reg_6695   |  17|   0|   17|          0|
    |tmp_i60_cast_mid2_v_reg_6700   |  17|   0|   17|          0|
    |tmp_i62_cast_mid2_v_reg_6705   |  17|   0|   17|          0|
    |tmp_i64_cast_mid2_v_reg_6710   |  17|   0|   17|          0|
    |tmp_i65_cast_mid2_v_reg_6589   |  16|   0|   16|          0|
    |tmp_i66_cast_mid2_v_reg_6715   |  17|   0|   17|          0|
    |tmp_i67_cast_mid2_v_reg_6594   |  16|   0|   16|          0|
    |tmp_i68_cast_mid2_v_reg_6720   |  17|   0|   17|          0|
    |tmp_i69_cast_mid2_v_reg_6599   |  16|   0|   16|          0|
    |tmp_i_cast_reg_6347            |  17|   0|   30|         13|
    |tmp_reg_5833                   |   6|   0|   32|         26|
    |tmp_tr_i_cast_reg_7676         |  30|   0|   30|          0|
    |p_2_reg_1194                   |  64|  32|    4|          0|
    |tmp_18_reg_7554                |  64|  32|    1|          0|
    |tmp_252_reg_7595               |  64|  32|    9|          2|
    |tmp_260_reg_7570               |  64|  32|    9|          2|
    |tmp_261_reg_7575               |  64|  32|    1|          1|
    |tmp_262_reg_7590               |  64|  32|    8|          1|
    |tmp_266_reg_7646               |  64|  32|    1|          1|
    |tmp_269_reg_7651               |  64|  32|    9|          1|
    |tmp_273_reg_7656               |  64|  32|    9|          2|
    |tmp_276_reg_7702               |  64|  32|    1|          1|
    |tmp_279_reg_7707               |  64|  32|    9|          1|
    |tmp_283_reg_7712               |  64|  32|    9|          2|
    |tmp_286_reg_7742               |  64|  32|    1|          1|
    |tmp_289_reg_7747               |  64|  32|    9|          1|
    |tmp_293_reg_7752               |  64|  32|    9|          2|
    |tmp_296_reg_7782               |  64|  32|    1|          1|
    |tmp_299_reg_7787               |  64|  32|    9|          1|
    |tmp_303_reg_7792               |  64|  32|    9|          2|
    +-------------------------------+----+----+-----+-----------+
    |Total                          |5001| 576| 4411|        476|
    +-------------------------------+----+----+-----+-----------+



================================================================
== Interface
================================================================
* Summary: 
+-------------------+-----+-----+------------+--------------+--------------+
|     RTL Ports     | Dir | Bits|  Protocol  | Source Object|    C Type    |
+-------------------+-----+-----+------------+--------------+--------------+
|ap_clk             |  in |    1| ap_ctrl_hs |    deconv2   | return value |
|ap_rst             |  in |    1| ap_ctrl_hs |    deconv2   | return value |
|ap_start           |  in |    1| ap_ctrl_hs |    deconv2   | return value |
|ap_done            | out |    1| ap_ctrl_hs |    deconv2   | return value |
|ap_idle            | out |    1| ap_ctrl_hs |    deconv2   | return value |
|ap_ready           | out |    1| ap_ctrl_hs |    deconv2   | return value |
|in_V_address0      | out |    9|  ap_memory |     in_V     |     array    |
|in_V_ce0           | out |    1|  ap_memory |     in_V     |     array    |
|in_V_q0            |  in |   17|  ap_memory |     in_V     |     array    |
|out_V_address0     | out |   13|  ap_memory |     out_V    |     array    |
|out_V_ce0          | out |    1|  ap_memory |     out_V    |     array    |
|out_V_we0          | out |    1|  ap_memory |     out_V    |     array    |
|out_V_d0           | out |   17|  ap_memory |     out_V    |     array    |
|kernel_V_address0  | out |   16|  ap_memory |   kernel_V   |     array    |
|kernel_V_ce0       | out |    1|  ap_memory |   kernel_V   |     array    |
|kernel_V_q0        |  in |   18|  ap_memory |   kernel_V   |     array    |
|kernel_V_address1  | out |   16|  ap_memory |   kernel_V   |     array    |
|kernel_V_ce1       | out |    1|  ap_memory |   kernel_V   |     array    |
|kernel_V_q1        |  in |   18|  ap_memory |   kernel_V   |     array    |
|bias_V_address0    | out |    5|  ap_memory |    bias_V    |     array    |
|bias_V_ce0         | out |    1|  ap_memory |    bias_V    |     array    |
|bias_V_q0          |  in |   18|  ap_memory |    bias_V    |     array    |
|mean_V_address0    | out |    5|  ap_memory |    mean_V    |     array    |
|mean_V_ce0         | out |    1|  ap_memory |    mean_V    |     array    |
|mean_V_q0          |  in |   18|  ap_memory |    mean_V    |     array    |
|std_V_address0     | out |    5|  ap_memory |     std_V    |     array    |
|std_V_ce0          | out |    1|  ap_memory |     std_V    |     array    |
|std_V_q0           |  in |   18|  ap_memory |     std_V    |     array    |
+-------------------+-----+-----+------------+--------------+--------------+

