

================================================================
== Vivado HLS Report for 'deconv'
================================================================
* Date:           Tue Oct 30 20:44:36 2018

* Version:        2017.1 (Build 1846317 on Thu Jun 22 18:17:09 MDT 2017)
* Project:        deconv_fixed
* Solution:       solution1
* Product family: zynq
* Target device:  xc7z020clg484-1


================================================================
== Performance Estimates
================================================================
+ Timing (ns): 
    * Summary: 
    +--------+-------+----------+------------+
    |  Clock | Target| Estimated| Uncertainty|
    +--------+-------+----------+------------+
    |ap_clk  |  10.00|      9.99|        1.25|
    +--------+-------+----------+------------+

+ Latency (clock cycles): 
    * Summary: 
    +--------+--------+--------+--------+----------+
    |     Latency     |     Interval    | Pipeline |
    |   min  |   max  |   min  |   max  |   Type   |
    +--------+--------+--------+--------+----------+
    |  158920|  158920|  122054|  122054| dataflow |
    +--------+--------+--------+--------+----------+

    + Detail: 
        * Instance: 
        +------------------------+---------------------+--------+--------+--------+--------+---------+
        |                        |                     |     Latency     |     Interval    | Pipeline|
        |        Instance        |        Module       |   min  |   max  |   min  |   max  |   Type  |
        +------------------------+---------------------+--------+--------+--------+--------+---------+
        |stream_deconv_284_U0    |stream_deconv_284    |  122053|  122053|  122053|  122053|   none  |
        |stream_deconv_1_U0      |stream_deconv_1      |    7879|    7879|    7879|    7879|   none  |
        |stream_deconv_385_U0    |stream_deconv_385    |   70163|   70163|   70163|   70163|   none  |
        |p_wt_kernel_383_U0      |p_wt_kernel_383      |    1154|    1154|    1154|    1154|   none  |
        |p_extend_stream_281_U0  |p_extend_stream_281  |    4644|    4644|    4644|    4644|   none  |
        |p_extend_stream_282_U0  |p_extend_stream_282  |    4644|    4644|    4644|    4644|   none  |
        |p_extend_stream_1_1_U0  |p_extend_stream_1_1  |     548|     548|     548|     548|   none  |
        |p_extend_stream_179_U0  |p_extend_stream_179  |     548|     548|     548|     548|   none  |
        |p_extend_stream_1_U0    |p_extend_stream_1    |     548|     548|     548|     548|   none  |
        |p_wt_kernel_280_U0      |p_wt_kernel_280      |   36866|   36866|   36866|   36866|   none  |
        |Block_proc100_U0        |Block_proc100        |       0|       0|       0|       0|   none  |
        +------------------------+---------------------+--------+--------+--------+--------+---------+

        * Loop: 
        N/A



================================================================
== Utilization Estimates
================================================================
* Summary: 
+-----------------+---------+-------+--------+-------+
|       Name      | BRAM_18K| DSP48E|   FF   |  LUT  |
+-----------------+---------+-------+--------+-------+
|DSP              |        -|      -|       -|      -|
|Expression       |        -|      -|       0|    376|
|FIFO             |        0|      -|       0|      8|
|Instance         |       32|     47|   24548|  28453|
|Memory           |        4|      -|       0|      0|
|Multiplexer      |        -|      -|       -|    180|
|Register         |        -|      -|      30|      -|
+-----------------+---------+-------+--------+-------+
|Total            |       36|     47|   24578|  29017|
+-----------------+---------+-------+--------+-------+
|Available        |      280|    220|  106400|  53200|
+-----------------+---------+-------+--------+-------+
|Utilization (%)  |       12|     21|      23|     54|
+-----------------+---------+-------+--------+-------+

+ Detail: 
    * Instance: 
    +------------------------+---------------------+---------+-------+-------+-------+
    |        Instance        |        Module       | BRAM_18K| DSP48E|   FF  |  LUT  |
    +------------------------+---------------------+---------+-------+-------+-------+
    |Block_proc100_U0        |Block_proc100        |        0|      0|      2|     35|
    |p_extend_stream_1_U0    |p_extend_stream_1    |        0|      0|    639|    778|
    |p_extend_stream_179_U0  |p_extend_stream_179  |        0|      0|    639|    778|
    |p_extend_stream_1_1_U0  |p_extend_stream_1_1  |        0|      0|    639|    778|
    |p_extend_stream_281_U0  |p_extend_stream_281  |        0|      0|    645|    778|
    |p_extend_stream_282_U0  |p_extend_stream_282  |        0|      0|    645|    778|
    |p_wt_kernel_280_U0      |p_wt_kernel_280      |        0|      0|    115|    494|
    |p_wt_kernel_383_U0      |p_wt_kernel_383      |        0|      0|     76|   1130|
    |stream_deconv_1_U0      |stream_deconv_1      |        0|     10|   3083|   3259|
    |stream_deconv_284_U0    |stream_deconv_284    |       32|     36|  16069|  17726|
    |stream_deconv_385_U0    |stream_deconv_385    |        0|      1|   1996|   1919|
    +------------------------+---------------------+---------+-------+-------+-------+
    |Total                   |                     |       32|     47|  24548|  28453|
    +------------------------+---------------------+---------+-------+-------+-------+

    * DSP48: 
    N/A

    * Memory: 
    +----------------------+----------------------+---------+---+----+------+-----+------+-------------+
    |        Memory        |        Module        | BRAM_18K| FF| LUT| Words| Bits| Banks| W*Bits*Banks|
    +----------------------+----------------------+---------+---+----+------+-----+------+-------------+
    |layer2_kernel_V_31_U  |deconv_layer2_kerbdk  |        2|  0|   0|  1152|   18|     2|        41472|
    |layer3_kernel_V_U     |deconv_layer3_kerbek  |        2|  0|   0|  1152|   18|     2|        41472|
    +----------------------+----------------------+---------+---+----+------+-----+------+-------------+
    |Total                 |                      |        4|  0|   0|  2304|   36|     4|        82944|
    +----------------------+----------------------+---------+---+----+------+-----+------+-------------+

    * FIFO: 
    +--------------------+---------+---+----+------+-----+---------+
    |        Name        | BRAM_18K| FF| LUT| Depth| Bits| Size:D*B|
    +--------------------+---------+---+----+------+-----+---------+
    |bias0_V_V_U         |        0|  0|   1|     1|   18|       18|
    |mean0_V_V_U         |        0|  0|   1|     1|   18|       18|
    |mean1_V_V_U         |        0|  0|   1|     1|   18|       18|
    |std0_V_V_U          |        0|  0|   1|     1|   18|       18|
    |std1_V_V_U          |        0|  0|   1|     1|   18|       18|
    |stream_res_0_V_V_U  |        0|  0|   1|     1|   18|       18|
    |stream_res_1_V_V_U  |        0|  0|   1|     1|   18|       18|
    |tmp_V_load_loc_c_U  |        0|  0|   1|     3|   18|       54|
    +--------------------+---------+---+----+------+-----+---------+
    |Total               |        0|  0|   8|    10|  144|      180|
    +--------------------+---------+---+----+------+-----+---------+

    * Expression: 
    +-----------------------------------------+----------+-------+---+----+------------+------------+
    |              Variable Name              | Operation| DSP48E| FF| LUT| Bitwidth P0| Bitwidth P1|
    +-----------------------------------------+----------+-------+---+----+------------+------------+
    |Block_proc100_U0_ap_ready_count          |     +    |      0|  0|  10|           2|           1|
    |p_extend_stream_179_U0_ap_ready_count    |     +    |      0|  0|  10|           2|           1|
    |p_extend_stream_1_1_U0_ap_ready_count    |     +    |      0|  0|  10|           2|           1|
    |p_extend_stream_1_U0_ap_ready_count      |     +    |      0|  0|  10|           2|           1|
    |p_extend_stream_281_U0_ap_ready_count    |     +    |      0|  0|  10|           2|           1|
    |p_extend_stream_282_U0_ap_ready_count    |     +    |      0|  0|  10|           2|           1|
    |p_wt_kernel_280_U0_ap_ready_count        |     +    |      0|  0|  10|           2|           1|
    |p_wt_kernel_383_U0_ap_ready_count        |     +    |      0|  0|  10|           2|           1|
    |stream_deconv_1_U0_ap_ready_count        |     +    |      0|  0|  10|           2|           1|
    |stream_deconv_284_U0_ap_ready_count      |     +    |      0|  0|  10|           2|           1|
    |Block_proc100_U0_ap_ready_count          |     -    |      0|  0|  10|           2|           1|
    |p_extend_stream_179_U0_ap_ready_count    |     -    |      0|  0|  10|           2|           1|
    |p_extend_stream_1_1_U0_ap_ready_count    |     -    |      0|  0|  10|           2|           1|
    |p_extend_stream_1_U0_ap_ready_count      |     -    |      0|  0|  10|           2|           1|
    |p_extend_stream_281_U0_ap_ready_count    |     -    |      0|  0|  10|           2|           1|
    |p_extend_stream_282_U0_ap_ready_count    |     -    |      0|  0|  10|           2|           1|
    |p_wt_kernel_280_U0_ap_ready_count        |     -    |      0|  0|  10|           2|           1|
    |p_wt_kernel_383_U0_ap_ready_count        |     -    |      0|  0|  10|           2|           1|
    |stream_deconv_1_U0_ap_ready_count        |     -    |      0|  0|  10|           2|           1|
    |stream_deconv_284_U0_ap_ready_count      |     -    |      0|  0|  10|           2|           1|
    |Block_proc100_U0_ap_start                |    and   |      0|  0|   8|           1|           1|
    |ap_idle                                  |    and   |      0|  0|   8|           1|           1|
    |ap_sync_ready                            |    and   |      0|  0|   8|           1|           1|
    |p_extend_stream_179_U0_ap_start          |    and   |      0|  0|   8|           1|           1|
    |p_extend_stream_1_1_U0_ap_start          |    and   |      0|  0|   8|           1|           1|
    |p_extend_stream_1_U0_ap_start            |    and   |      0|  0|   8|           1|           1|
    |p_extend_stream_281_U0_ap_start          |    and   |      0|  0|   8|           1|           1|
    |p_extend_stream_282_U0_ap_start          |    and   |      0|  0|   8|           1|           1|
    |p_wt_kernel_280_U0_ap_start              |    and   |      0|  0|   8|           1|           1|
    |p_wt_kernel_383_U0_ap_start              |    and   |      0|  0|   8|           1|           1|
    |stream_deconv_1_U0_ap_start              |    and   |      0|  0|   8|           1|           1|
    |stream_deconv_284_U0_ap_start            |    and   |      0|  0|   8|           1|           1|
    |ap_sync_Block_proc100_U0_ap_ready        |    or    |      0|  0|   8|           1|           1|
    |ap_sync_p_extend_stream_179_U0_ap_ready  |    or    |      0|  0|   8|           1|           1|
    |ap_sync_p_extend_stream_1_1_U0_ap_ready  |    or    |      0|  0|   8|           1|           1|
    |ap_sync_p_extend_stream_1_U0_ap_ready    |    or    |      0|  0|   8|           1|           1|
    |ap_sync_p_extend_stream_281_U0_ap_ready  |    or    |      0|  0|   8|           1|           1|
    |ap_sync_p_extend_stream_282_U0_ap_ready  |    or    |      0|  0|   8|           1|           1|
    |ap_sync_p_wt_kernel_280_U0_ap_ready      |    or    |      0|  0|   8|           1|           1|
    |ap_sync_p_wt_kernel_383_U0_ap_ready      |    or    |      0|  0|   8|           1|           1|
    |ap_sync_stream_deconv_1_U0_ap_ready      |    or    |      0|  0|   8|           1|           1|
    |ap_sync_stream_deconv_284_U0_ap_ready    |    or    |      0|  0|   8|           1|           1|
    +-----------------------------------------+----------+-------+---+----+------------+------------+
    |Total                                    |          |      0|  0| 376|          62|          42|
    +-----------------------------------------+----------+-------+---+----+------------+------------+

    * Multiplexer: 
    +---------------------------------------------+----+-----------+-----+-----------+
    |                     Name                    | LUT| Input Size| Bits| Total Bits|
    +---------------------------------------------+----+-----------+-----+-----------+
    |Block_proc100_U0_ap_ready_count              |   9|          2|    2|          4|
    |ap_sync_reg_Block_proc100_U0_ap_ready        |   9|          2|    1|          2|
    |ap_sync_reg_p_extend_stream_179_U0_ap_ready  |   9|          2|    1|          2|
    |ap_sync_reg_p_extend_stream_1_1_U0_ap_ready  |   9|          2|    1|          2|
    |ap_sync_reg_p_extend_stream_1_U0_ap_ready    |   9|          2|    1|          2|
    |ap_sync_reg_p_extend_stream_281_U0_ap_ready  |   9|          2|    1|          2|
    |ap_sync_reg_p_extend_stream_282_U0_ap_ready  |   9|          2|    1|          2|
    |ap_sync_reg_p_wt_kernel_280_U0_ap_ready      |   9|          2|    1|          2|
    |ap_sync_reg_p_wt_kernel_383_U0_ap_ready      |   9|          2|    1|          2|
    |ap_sync_reg_stream_deconv_1_U0_ap_ready      |   9|          2|    1|          2|
    |ap_sync_reg_stream_deconv_284_U0_ap_ready    |   9|          2|    1|          2|
    |p_extend_stream_179_U0_ap_ready_count        |   9|          2|    2|          4|
    |p_extend_stream_1_1_U0_ap_ready_count        |   9|          2|    2|          4|
    |p_extend_stream_1_U0_ap_ready_count          |   9|          2|    2|          4|
    |p_extend_stream_281_U0_ap_ready_count        |   9|          2|    2|          4|
    |p_extend_stream_282_U0_ap_ready_count        |   9|          2|    2|          4|
    |p_wt_kernel_280_U0_ap_ready_count            |   9|          2|    2|          4|
    |p_wt_kernel_383_U0_ap_ready_count            |   9|          2|    2|          4|
    |stream_deconv_1_U0_ap_ready_count            |   9|          2|    2|          4|
    |stream_deconv_284_U0_ap_ready_count          |   9|          2|    2|          4|
    +---------------------------------------------+----+-----------+-----+-----------+
    |Total                                        | 180|         40|   30|         60|
    +---------------------------------------------+----+-----------+-----+-----------+

    * Register: 
    +---------------------------------------------+---+----+-----+-----------+
    |                     Name                    | FF| LUT| Bits| Const Bits|
    +---------------------------------------------+---+----+-----+-----------+
    |Block_proc100_U0_ap_ready_count              |  2|   0|    2|          0|
    |ap_sync_reg_Block_proc100_U0_ap_ready        |  1|   0|    1|          0|
    |ap_sync_reg_p_extend_stream_179_U0_ap_ready  |  1|   0|    1|          0|
    |ap_sync_reg_p_extend_stream_1_1_U0_ap_ready  |  1|   0|    1|          0|
    |ap_sync_reg_p_extend_stream_1_U0_ap_ready    |  1|   0|    1|          0|
    |ap_sync_reg_p_extend_stream_281_U0_ap_ready  |  1|   0|    1|          0|
    |ap_sync_reg_p_extend_stream_282_U0_ap_ready  |  1|   0|    1|          0|
    |ap_sync_reg_p_wt_kernel_280_U0_ap_ready      |  1|   0|    1|          0|
    |ap_sync_reg_p_wt_kernel_383_U0_ap_ready      |  1|   0|    1|          0|
    |ap_sync_reg_stream_deconv_1_U0_ap_ready      |  1|   0|    1|          0|
    |ap_sync_reg_stream_deconv_284_U0_ap_ready    |  1|   0|    1|          0|
    |p_extend_stream_179_U0_ap_ready_count        |  2|   0|    2|          0|
    |p_extend_stream_1_1_U0_ap_ready_count        |  2|   0|    2|          0|
    |p_extend_stream_1_U0_ap_ready_count          |  2|   0|    2|          0|
    |p_extend_stream_281_U0_ap_ready_count        |  2|   0|    2|          0|
    |p_extend_stream_282_U0_ap_ready_count        |  2|   0|    2|          0|
    |p_wt_kernel_280_U0_ap_ready_count            |  2|   0|    2|          0|
    |p_wt_kernel_383_U0_ap_ready_count            |  2|   0|    2|          0|
    |stream_deconv_1_U0_ap_ready_count            |  2|   0|    2|          0|
    |stream_deconv_284_U0_ap_ready_count          |  2|   0|    2|          0|
    +---------------------------------------------+---+----+-----+-----------+
    |Total                                        | 30|   0|   30|          0|
    +---------------------------------------------+---+----+-----+-----------+



================================================================
== Interface
================================================================
* Summary: 
+-----------------------+-----+-----+------------+--------------+--------------+
|       RTL Ports       | Dir | Bits|  Protocol  | Source Object|    C Type    |
+-----------------------+-----+-----+------------+--------------+--------------+
|param_I_h_V_address0   | out |    2|  ap_memory |  param_I_h_V |     array    |
|param_I_h_V_ce0        | out |    1|  ap_memory |  param_I_h_V |     array    |
|param_I_h_V_d0         | out |    6|  ap_memory |  param_I_h_V |     array    |
|param_I_h_V_q0         |  in |    6|  ap_memory |  param_I_h_V |     array    |
|param_I_h_V_we0        | out |    1|  ap_memory |  param_I_h_V |     array    |
|param_I_w_V_address0   | out |    2|  ap_memory |  param_I_w_V |     array    |
|param_I_w_V_ce0        | out |    1|  ap_memory |  param_I_w_V |     array    |
|param_I_w_V_d0         | out |    6|  ap_memory |  param_I_w_V |     array    |
|param_I_w_V_q0         |  in |    6|  ap_memory |  param_I_w_V |     array    |
|param_I_w_V_we0        | out |    1|  ap_memory |  param_I_w_V |     array    |
|param_I_c_V_address0   | out |    2|  ap_memory |  param_I_c_V |     array    |
|param_I_c_V_ce0        | out |    1|  ap_memory |  param_I_c_V |     array    |
|param_I_c_V_d0         | out |    6|  ap_memory |  param_I_c_V |     array    |
|param_I_c_V_q0         |  in |    6|  ap_memory |  param_I_c_V |     array    |
|param_I_c_V_we0        | out |    1|  ap_memory |  param_I_c_V |     array    |
|param_O_h_V_address0   | out |    2|  ap_memory |  param_O_h_V |     array    |
|param_O_h_V_ce0        | out |    1|  ap_memory |  param_O_h_V |     array    |
|param_O_h_V_d0         | out |    6|  ap_memory |  param_O_h_V |     array    |
|param_O_h_V_q0         |  in |    6|  ap_memory |  param_O_h_V |     array    |
|param_O_h_V_we0        | out |    1|  ap_memory |  param_O_h_V |     array    |
|param_O_w_V_address0   | out |    2|  ap_memory |  param_O_w_V |     array    |
|param_O_w_V_ce0        | out |    1|  ap_memory |  param_O_w_V |     array    |
|param_O_w_V_d0         | out |    6|  ap_memory |  param_O_w_V |     array    |
|param_O_w_V_q0         |  in |    6|  ap_memory |  param_O_w_V |     array    |
|param_O_w_V_we0        | out |    1|  ap_memory |  param_O_w_V |     array    |
|param_O_c_V_address0   | out |    2|  ap_memory |  param_O_c_V |     array    |
|param_O_c_V_ce0        | out |    1|  ap_memory |  param_O_c_V |     array    |
|param_O_c_V_d0         | out |    6|  ap_memory |  param_O_c_V |     array    |
|param_O_c_V_q0         |  in |    6|  ap_memory |  param_O_c_V |     array    |
|param_O_c_V_we0        | out |    1|  ap_memory |  param_O_c_V |     array    |
|param_K_V_address0     | out |    2|  ap_memory |   param_K_V  |     array    |
|param_K_V_ce0          | out |    1|  ap_memory |   param_K_V  |     array    |
|param_K_V_d0           | out |    6|  ap_memory |   param_K_V  |     array    |
|param_K_V_q0           |  in |    6|  ap_memory |   param_K_V  |     array    |
|param_K_V_we0          | out |    1|  ap_memory |   param_K_V  |     array    |
|param_S_V_address0     | out |    2|  ap_memory |   param_S_V  |     array    |
|param_S_V_ce0          | out |    1|  ap_memory |   param_S_V  |     array    |
|param_S_V_d0           | out |    6|  ap_memory |   param_S_V  |     array    |
|param_S_V_q0           |  in |    6|  ap_memory |   param_S_V  |     array    |
|param_S_V_we0          | out |    1|  ap_memory |   param_S_V  |     array    |
|param_P_V_address0     | out |    2|  ap_memory |   param_P_V  |     array    |
|param_P_V_ce0          | out |    1|  ap_memory |   param_P_V  |     array    |
|param_P_V_d0           | out |    6|  ap_memory |   param_P_V  |     array    |
|param_P_V_q0           |  in |    6|  ap_memory |   param_P_V  |     array    |
|param_P_V_we0          | out |    1|  ap_memory |   param_P_V  |     array    |
|param_norm_V_address0  | out |    2|  ap_memory | param_norm_V |     array    |
|param_norm_V_ce0       | out |    1|  ap_memory | param_norm_V |     array    |
|param_norm_V_d0        | out |    1|  ap_memory | param_norm_V |     array    |
|param_norm_V_q0        |  in |    1|  ap_memory | param_norm_V |     array    |
|param_norm_V_we0       | out |    1|  ap_memory | param_norm_V |     array    |
|param_sig_V_address0   | out |    2|  ap_memory |  param_sig_V |     array    |
|param_sig_V_ce0        | out |    1|  ap_memory |  param_sig_V |     array    |
|param_sig_V_d0         | out |    1|  ap_memory |  param_sig_V |     array    |
|param_sig_V_q0         |  in |    1|  ap_memory |  param_sig_V |     array    |
|param_sig_V_we0        | out |    1|  ap_memory |  param_sig_V |     array    |
|stream_i_V_V_dout      |  in |   18|   ap_fifo  | stream_i_V_V |    pointer   |
|stream_i_V_V_empty_n   |  in |    1|   ap_fifo  | stream_i_V_V |    pointer   |
|stream_i_V_V_read      | out |    1|   ap_fifo  | stream_i_V_V |    pointer   |
|kernel_0_V_V_dout      |  in |   18|   ap_fifo  | kernel_0_V_V |    pointer   |
|kernel_0_V_V_empty_n   |  in |    1|   ap_fifo  | kernel_0_V_V |    pointer   |
|kernel_0_V_V_read      | out |    1|   ap_fifo  | kernel_0_V_V |    pointer   |
|kernel_1_V_V_dout      |  in |   18|   ap_fifo  | kernel_1_V_V |    pointer   |
|kernel_1_V_V_empty_n   |  in |    1|   ap_fifo  | kernel_1_V_V |    pointer   |
|kernel_1_V_V_read      | out |    1|   ap_fifo  | kernel_1_V_V |    pointer   |
|kernel_2_V_V_dout      |  in |   18|   ap_fifo  | kernel_2_V_V |    pointer   |
|kernel_2_V_V_empty_n   |  in |    1|   ap_fifo  | kernel_2_V_V |    pointer   |
|kernel_2_V_V_read      | out |    1|   ap_fifo  | kernel_2_V_V |    pointer   |
|bias_0_V_V_dout        |  in |   18|   ap_fifo  |  bias_0_V_V  |    pointer   |
|bias_0_V_V_empty_n     |  in |    1|   ap_fifo  |  bias_0_V_V  |    pointer   |
|bias_0_V_V_read        | out |    1|   ap_fifo  |  bias_0_V_V  |    pointer   |
|bias_1_V_V_dout        |  in |   18|   ap_fifo  |  bias_1_V_V  |    pointer   |
|bias_1_V_V_empty_n     |  in |    1|   ap_fifo  |  bias_1_V_V  |    pointer   |
|bias_1_V_V_read        | out |    1|   ap_fifo  |  bias_1_V_V  |    pointer   |
|bias_2_V_V_dout        |  in |   18|   ap_fifo  |  bias_2_V_V  |    pointer   |
|bias_2_V_V_empty_n     |  in |    1|   ap_fifo  |  bias_2_V_V  |    pointer   |
|bias_2_V_V_read        | out |    1|   ap_fifo  |  bias_2_V_V  |    pointer   |
|mean_0_V_V_dout        |  in |   18|   ap_fifo  |  mean_0_V_V  |    pointer   |
|mean_0_V_V_empty_n     |  in |    1|   ap_fifo  |  mean_0_V_V  |    pointer   |
|mean_0_V_V_read        | out |    1|   ap_fifo  |  mean_0_V_V  |    pointer   |
|mean_1_V_V_dout        |  in |   18|   ap_fifo  |  mean_1_V_V  |    pointer   |
|mean_1_V_V_empty_n     |  in |    1|   ap_fifo  |  mean_1_V_V  |    pointer   |
|mean_1_V_V_read        | out |    1|   ap_fifo  |  mean_1_V_V  |    pointer   |
|std_0_V_V_dout         |  in |   18|   ap_fifo  |   std_0_V_V  |    pointer   |
|std_0_V_V_empty_n      |  in |    1|   ap_fifo  |   std_0_V_V  |    pointer   |
|std_0_V_V_read         | out |    1|   ap_fifo  |   std_0_V_V  |    pointer   |
|std_1_V_V_dout         |  in |   18|   ap_fifo  |   std_1_V_V  |    pointer   |
|std_1_V_V_empty_n      |  in |    1|   ap_fifo  |   std_1_V_V  |    pointer   |
|std_1_V_V_read         | out |    1|   ap_fifo  |   std_1_V_V  |    pointer   |
|stream_o_V_V_din       | out |   18|   ap_fifo  | stream_o_V_V |    pointer   |
|stream_o_V_V_full_n    |  in |    1|   ap_fifo  | stream_o_V_V |    pointer   |
|stream_o_V_V_write     | out |    1|   ap_fifo  | stream_o_V_V |    pointer   |
|ap_clk                 |  in |    1| ap_ctrl_hs |    deconv    | return value |
|ap_rst                 |  in |    1| ap_ctrl_hs |    deconv    | return value |
|ap_done                | out |    1| ap_ctrl_hs |    deconv    | return value |
|ap_start               |  in |    1| ap_ctrl_hs |    deconv    | return value |
|ap_ready               | out |    1| ap_ctrl_hs |    deconv    | return value |
|ap_idle                | out |    1| ap_ctrl_hs |    deconv    | return value |
+-----------------------+-----+-----+------------+--------------+--------------+

