

================================================================
== Vivado HLS Report for 'p_extend_stream_179'
================================================================
* Date:           Tue Oct 30 20:44:15 2018

* Version:        2017.1 (Build 1846317 on Thu Jun 22 18:17:09 MDT 2017)
* Project:        deconv_fixed
* Solution:       solution1
* Product family: zynq
* Target device:  xc7z020clg484-1


================================================================
== Performance Estimates
================================================================
+ Timing (ns): 
    * Summary: 
    +--------+-------+----------+------------+
    |  Clock | Target| Estimated| Uncertainty|
    +--------+-------+----------+------------+
    |ap_clk  |  10.00|      2.32|        1.25|
    +--------+-------+----------+------------+

+ Latency (clock cycles): 
    * Summary: 
    +-----+-----+-----+-----+---------+
    |  Latency  |  Interval | Pipeline|
    | min | max | min | max |   Type  |
    +-----+-----+-----+-----+---------+
    |  548|  548|  548|  548|   none  |
    +-----+-----+-----+-----+---------+

    + Detail: 
        * Instance: 
        N/A

        * Loop: 
        +----------+-----+-----+----------+-----------+-----------+------+----------+
        |          |  Latency  | Iteration|  Initiation Interval  | Trip |          |
        | Loop Name| min | max |  Latency |  achieved |   target  | Count| Pipelined|
        +----------+-----+-----+----------+-----------+-----------+------+----------+
        |- L_RD    |   32|   32|         2|          1|          1|    32|    yes   |
        |- L_REP   |  512|  512|        33|         32|          1|    16|    yes   |
        +----------+-----+-----+----------+-----------+-----------+------+----------+



================================================================
== Utilization Estimates
================================================================
* Summary: 
+-----------------+---------+-------+--------+-------+
|       Name      | BRAM_18K| DSP48E|   FF   |  LUT  |
+-----------------+---------+-------+--------+-------+
|DSP              |        -|      -|       -|      -|
|Expression       |        -|      -|       0|    380|
|FIFO             |        -|      -|       -|      -|
|Instance         |        -|      -|       -|      -|
|Memory           |        -|      -|       -|      -|
|Multiplexer      |        -|      -|       -|    398|
|Register         |        -|      -|     639|      -|
+-----------------+---------+-------+--------+-------+
|Total            |        0|      0|     639|    778|
+-----------------+---------+-------+--------+-------+
|Available        |      280|    220|  106400|  53200|
+-----------------+---------+-------+--------+-------+
|Utilization (%)  |        0|      0|   ~0   |      1|
+-----------------+---------+-------+--------+-------+

+ Detail: 
    * Instance: 
    N/A

    * DSP48: 
    N/A

    * Memory: 
    N/A

    * FIFO: 
    N/A

    * Expression: 
    +-----------------------------------+----------+-------+---+----+------------+------------+
    |           Variable Name           | Operation| DSP48E| FF| LUT| Bitwidth P0| Bitwidth P1|
    +-----------------------------------+----------+-------+---+----+------------+------------+
    |oc_V_fu_279_p2                     |     +    |      0|  0|  15|           6|           1|
    |rep_amt_V_fu_455_p2                |     +    |      0|  0|  15|           5|           1|
    |ap_block_pp0_stage0_11001          |    and   |      0|  0|   8|           1|           1|
    |ap_block_pp1_stage0_01001          |    and   |      0|  0|   8|           1|           1|
    |ap_block_pp1_stage10_01001         |    and   |      0|  0|   8|           1|           1|
    |ap_block_state10_pp1_stage5_iter0  |    and   |      0|  0|   8|           1|           1|
    |ap_condition_776                   |    and   |      0|  0|   8|           1|           1|
    |ap_condition_782                   |    and   |      0|  0|   8|           1|           1|
    |ap_condition_788                   |    and   |      0|  0|   8|           1|           1|
    |ap_condition_794                   |    and   |      0|  0|   8|           1|           1|
    |ap_condition_800                   |    and   |      0|  0|   8|           1|           1|
    |ap_condition_806                   |    and   |      0|  0|   8|           1|           1|
    |ap_condition_812                   |    and   |      0|  0|   8|           1|           1|
    |ap_condition_818                   |    and   |      0|  0|   8|           1|           1|
    |ap_condition_824                   |    and   |      0|  0|   8|           1|           1|
    |ap_condition_830                   |    and   |      0|  0|   8|           1|           1|
    |ap_condition_836                   |    and   |      0|  0|   8|           1|           1|
    |ap_condition_842                   |    and   |      0|  0|   8|           1|           1|
    |ap_condition_848                   |    and   |      0|  0|   8|           1|           1|
    |ap_condition_854                   |    and   |      0|  0|   8|           1|           1|
    |ap_condition_860                   |    and   |      0|  0|   8|           1|           1|
    |ap_condition_866                   |    and   |      0|  0|   8|           1|           1|
    |ap_condition_872                   |    and   |      0|  0|   8|           1|           1|
    |ap_condition_878                   |    and   |      0|  0|   8|           1|           1|
    |ap_condition_884                   |    and   |      0|  0|   8|           1|           1|
    |ap_condition_890                   |    and   |      0|  0|   8|           1|           1|
    |ap_condition_896                   |    and   |      0|  0|   8|           1|           1|
    |ap_condition_902                   |    and   |      0|  0|   8|           1|           1|
    |ap_condition_908                   |    and   |      0|  0|   8|           1|           1|
    |ap_condition_914                   |    and   |      0|  0|   8|           1|           1|
    |ap_condition_920                   |    and   |      0|  0|   8|           1|           1|
    |ap_condition_926                   |    and   |      0|  0|   8|           1|           1|
    |ap_condition_932                   |    and   |      0|  0|   8|           1|           1|
    |ap_condition_938                   |    and   |      0|  0|   8|           1|           1|
    |ap_condition_944                   |    and   |      0|  0|   8|           1|           1|
    |ap_condition_950                   |    and   |      0|  0|   8|           1|           1|
    |ap_condition_956                   |    and   |      0|  0|   8|           1|           1|
    |ap_condition_962                   |    and   |      0|  0|   8|           1|           1|
    |exitcond2_fu_449_p2                |   icmp   |      0|  0|  11|           5|           6|
    |exitcond_fu_273_p2                 |   icmp   |      0|  0|  11|           6|           7|
    |ap_block_state1                    |    or    |      0|  0|   8|           1|           1|
    |ap_enable_pp0                      |    xor   |      0|  0|   8|           1|           2|
    |ap_enable_pp1                      |    xor   |      0|  0|   8|           1|           2|
    |ap_enable_reg_pp0_iter1            |    xor   |      0|  0|   8|           1|           2|
    |ap_enable_reg_pp1_iter1            |    xor   |      0|  0|   8|           1|           2|
    +-----------------------------------+----------+-------+---+----+------------+------------+
    |Total                              |          |      0|  0| 380|          63|          60|
    +-----------------------------------+----------+-------+---+----+------------+------------+

    * Multiplexer: 
    +-------------------------+-----+-----------+-----+-----------+
    |           Name          | LUT | Input Size| Bits| Total Bits|
    +-------------------------+-----+-----------+-----+-----------+
    |ap_NS_fsm                |  165|         37|    1|         37|
    |ap_done                  |    9|          2|    1|          2|
    |ap_enable_reg_pp0_iter1  |   15|          3|    1|          3|
    |ap_enable_reg_pp1_iter1  |   15|          3|    1|          3|
    |p_2_reg_251              |    9|          2|    6|         12|
    |p_s_phi_fu_266_p4        |    9|          2|    5|         10|
    |p_s_reg_262              |    9|          2|    5|         10|
    |stream_i_V_V_blk_n       |    9|          2|    1|          2|
    |stream_o_V_V_blk_n       |    9|          2|    1|          2|
    |stream_o_V_V_din         |  149|         33|   18|        594|
    +-------------------------+-----+-----------+-----+-----------+
    |Total                    |  398|         88|   40|        675|
    +-------------------------+-----+-----------+-----+-----------+

    * Register: 
    +-------------------------+----+----+-----+-----------+
    |           Name          | FF | LUT| Bits| Const Bits|
    +-------------------------+----+----+-----+-----------+
    |ap_CS_fsm                |  36|   0|   36|          0|
    |ap_done_reg              |   1|   0|    1|          0|
    |ap_enable_reg_pp0_iter0  |   1|   0|    1|          0|
    |ap_enable_reg_pp0_iter1  |   1|   0|    1|          0|
    |ap_enable_reg_pp1_iter0  |   1|   0|    1|          0|
    |ap_enable_reg_pp1_iter1  |   1|   0|    1|          0|
    |exitcond2_reg_794        |   1|   0|    1|          0|
    |p_2_reg_251              |   6|   0|    6|          0|
    |p_s_reg_262              |   5|   0|    5|          0|
    |rep_amt_V_reg_798        |   5|   0|    5|          0|
    |tmp_132_reg_790          |   5|   0|    5|          0|
    |tmp_V_63_fu_230          |  18|   0|   18|          0|
    |tmp_V_64_fu_226          |  18|   0|   18|          0|
    |tmp_V_65_fu_222          |  18|   0|   18|          0|
    |tmp_V_66_fu_218          |  18|   0|   18|          0|
    |tmp_V_67_fu_214          |  18|   0|   18|          0|
    |tmp_V_68_fu_210          |  18|   0|   18|          0|
    |tmp_V_69_fu_206          |  18|   0|   18|          0|
    |tmp_V_70_fu_202          |  18|   0|   18|          0|
    |tmp_V_71_fu_198          |  18|   0|   18|          0|
    |tmp_V_72_fu_194          |  18|   0|   18|          0|
    |tmp_V_73_fu_190          |  18|   0|   18|          0|
    |tmp_V_74_fu_186          |  18|   0|   18|          0|
    |tmp_V_75_fu_182          |  18|   0|   18|          0|
    |tmp_V_76_fu_178          |  18|   0|   18|          0|
    |tmp_V_77_fu_174          |  18|   0|   18|          0|
    |tmp_V_78_fu_170          |  18|   0|   18|          0|
    |tmp_V_79_fu_166          |  18|   0|   18|          0|
    |tmp_V_80_fu_162          |  18|   0|   18|          0|
    |tmp_V_81_fu_158          |  18|   0|   18|          0|
    |tmp_V_82_fu_154          |  18|   0|   18|          0|
    |tmp_V_83_fu_150          |  18|   0|   18|          0|
    |tmp_V_84_fu_146          |  18|   0|   18|          0|
    |tmp_V_85_fu_142          |  18|   0|   18|          0|
    |tmp_V_86_fu_138          |  18|   0|   18|          0|
    |tmp_V_87_fu_134          |  18|   0|   18|          0|
    |tmp_V_88_fu_130          |  18|   0|   18|          0|
    |tmp_V_89_fu_126          |  18|   0|   18|          0|
    |tmp_V_90_fu_122          |  18|   0|   18|          0|
    |tmp_V_91_fu_118          |  18|   0|   18|          0|
    |tmp_V_92_fu_114          |  18|   0|   18|          0|
    |tmp_V_93_fu_234          |  18|   0|   18|          0|
    |tmp_V_fu_110             |  18|   0|   18|          0|
    +-------------------------+----+----+-----+-----------+
    |Total                    | 639|   0|  639|          0|
    +-------------------------+----+----+-----+-----------+



================================================================
== Interface
================================================================
* Summary: 
+----------------------+-----+-----+------------+--------------------+--------------+
|       RTL Ports      | Dir | Bits|  Protocol  |    Source Object   |    C Type    |
+----------------------+-----+-----+------------+--------------------+--------------+
|ap_clk                |  in |    1| ap_ctrl_hs | _extend_stream_179 | return value |
|ap_rst                |  in |    1| ap_ctrl_hs | _extend_stream_179 | return value |
|ap_start              |  in |    1| ap_ctrl_hs | _extend_stream_179 | return value |
|ap_done               | out |    1| ap_ctrl_hs | _extend_stream_179 | return value |
|ap_continue           |  in |    1| ap_ctrl_hs | _extend_stream_179 | return value |
|ap_idle               | out |    1| ap_ctrl_hs | _extend_stream_179 | return value |
|ap_ready              | out |    1| ap_ctrl_hs | _extend_stream_179 | return value |
|stream_i_V_V_dout     |  in |   18|   ap_fifo  |    stream_i_V_V    |    pointer   |
|stream_i_V_V_empty_n  |  in |    1|   ap_fifo  |    stream_i_V_V    |    pointer   |
|stream_i_V_V_read     | out |    1|   ap_fifo  |    stream_i_V_V    |    pointer   |
|stream_o_V_V_din      | out |   18|   ap_fifo  |    stream_o_V_V    |    pointer   |
|stream_o_V_V_full_n   |  in |    1|   ap_fifo  |    stream_o_V_V    |    pointer   |
|stream_o_V_V_write    | out |    1|   ap_fifo  |    stream_o_V_V    |    pointer   |
+----------------------+-----+-----+------------+--------------------+--------------+

