

================================================================
== Vivado HLS Report for 'deconv'
================================================================
* Date:           Sat Sep 16 12:45:52 2017

* Version:        2016.2 (Build 1577090 on Thu Jun 02 16:59:10 MDT 2016)
* Project:        std_deconv
* Solution:       solution1
* Product family: zynq
* Target device:  xc7z020clg484-1


================================================================
== Performance Estimates
================================================================
+ Timing (ns): 
    * Summary: 
    +--------+-------+----------+------------+
    |  Clock | Target| Estimated| Uncertainty|
    +--------+-------+----------+------------+
    |ap_clk  |  10.00|      7.50|        1.25|
    +--------+-------+----------+------------+

+ Latency (clock cycles): 
    * Summary: 
    +-----+-----+-----+-----+---------+
    |  Latency  |  Interval | Pipeline|
    | min | max | min | max |   Type  |
    +-----+-----+-----+-----+---------+
    |    ?|    ?|    ?|    ?|   none  |
    +-----+-----+-----+-----+---------+

    + Detail: 
        * Instance: 
        N/A

        * Loop: 
        +-----------------------------+-----+-----+----------+-----------+-----------+------+----------+
        |                             |  Latency  | Iteration|  Initiation Interval  | Trip |          |
        |          Loop Name          | min | max |  Latency |  achieved |   target  | Count| Pipelined|
        +-----------------------------+-----+-----+----------+-----------+-----------+------+----------+
        |- Loop 1                     |    ?|    ?|         ?|          -|          -|     ?|    no    |
        | + Loop 1.1                  |    ?|    ?|         ?|          -|          -|     ?|    no    |
        |  ++ Loop 1.1.1              |    ?|    ?|         1|          -|          -|     ?|    no    |
        | + Loop 1.2                  |    ?|    ?|         ?|          -|          -|     ?|    no    |
        |  ++ Loop 1.2.1              |    ?|    ?|         ?|          -|          -|     ?|    no    |
        |   +++ Loop 1.2.1.1          |    ?|    ?|         ?|          -|          -|     ?|    no    |
        |    ++++ Loop 1.2.1.1.1      |    ?|    ?|         ?|          -|          -|     ?|    no    |
        |     +++++ Loop 1.2.1.1.1.1  |    ?|    ?|         3|          -|          -|     ?|    no    |
        | + Loop 1.3                  |    ?|    ?|         ?|          -|          -|     ?|    no    |
        |  ++ Loop 1.3.1              |    ?|    ?|         3|          -|          -|     ?|    no    |
        | + Loop 1.4                  |    ?|    ?|         ?|          -|          -|     ?|    no    |
        |  ++ Loop 1.4.1              |    ?|    ?|        36|          -|          -|     ?|    no    |
        | + Loop 1.5                  |    ?|    ?|         ?|          -|          -|     ?|    no    |
        |  ++ Loop 1.5.1              |    ?|    ?|         2|          -|          -|     ?|    no    |
        +-----------------------------+-----+-----+----------+-----------+-----------+------+----------+



================================================================
== Utilization Estimates
================================================================
* Summary: 
+-----------------+---------+-------+--------+-------+
|       Name      | BRAM_18K| DSP48E|   FF   |  LUT  |
+-----------------+---------+-------+--------+-------+
|DSP              |        -|      1|       -|      -|
|Expression       |        -|      -|       0|    355|
|FIFO             |        -|      -|       -|      -|
|Instance         |        0|      -|     398|    437|
|Memory           |        2|      -|       0|      0|
|Multiplexer      |        -|      -|       -|    269|
|Register         |        -|      -|     403|      -|
+-----------------+---------+-------+--------+-------+
|Total            |        2|      1|     801|   1061|
+-----------------+---------+-------+--------+-------+
|Available        |      280|    220|  106400|  53200|
+-----------------+---------+-------+--------+-------+
|Utilization (%)  |    ~0   |   ~0  |   ~0   |      1|
+-----------------+---------+-------+--------+-------+

+ Detail: 
    * Instance: 
    +-----------------------------------+--------------------------------+---------+-------+-----+-----+
    |              Instance             |             Module             | BRAM_18K| DSP48E|  FF | LUT |
    +-----------------------------------+--------------------------------+---------+-------+-----+-----+
    |deconv_CTRL_BUS_s_axi_U            |deconv_CTRL_BUS_s_axi           |        0|      0|  158|  152|
    |deconv_sdiv_30ns_18s_30_34_seq_U0  |deconv_sdiv_30ns_18s_30_34_seq  |        0|      0|  240|  285|
    +-----------------------------------+--------------------------------+---------+-------+-----+-----+
    |Total                              |                                |        0|      0|  398|  437|
    +-----------------------------------+--------------------------------+---------+-------+-----+-----+

    * DSP48: 
    +--------------------------------+-----------------------------+-----------+
    |            Instance            |            Module           | Expression|
    +--------------------------------+-----------------------------+-----------+
    |deconv_mul_mul_18s_18s_30_1_U1  |deconv_mul_mul_18s_18s_30_1  |  i0 * i1  |
    +--------------------------------+-----------------------------+-----------+

    * Memory: 
    +--------+-------------+---------+---+----+------+-----+------+-------------+
    | Memory |    Module   | BRAM_18K| FF| LUT| Words| Bits| Banks| W*Bits*Banks|
    +--------+-------------+---------+---+----+------+-----+------+-------------+
    |temp_U  |deconv_temp  |        2|  0|   0|   784|   20|     1|        15680|
    +--------+-------------+---------+---+----+------+-----+------+-------------+
    |Total   |             |        2|  0|   0|   784|   20|     1|        15680|
    +--------+-------------+---------+---+----+------+-----+------+-------------+

    * FIFO: 
    N/A

    * Expression: 
    +----------------------+----------+-------+---+----+------------+------------+
    |     Variable Name    | Operation| DSP48E| FF| LUT| Bitwidth P0| Bitwidth P1|
    +----------------------+----------+-------+---+----+------------+------------+
    |i_1_fu_448_p2         |     +    |      0|  0|   6|           6|           1|
    |ic_1_fu_510_p2        |     +    |      0|  0|   6|           6|           1|
    |ih_1_fu_526_p2        |     +    |      0|  0|   6|           6|           1|
    |iw_1_fu_542_p2        |     +    |      0|  0|   6|           6|           1|
    |j_1_fu_485_p2         |     +    |      0|  0|   6|           6|           1|
    |kh_1_fu_553_p2        |     +    |      0|  0|   6|           6|           1|
    |kw_1_fu_601_p2        |     +    |      0|  0|   6|           6|           1|
    |next_mul1_fu_516_p2   |     +    |      0|  0|   6|           6|           6|
    |next_mul_fu_532_p2    |     +    |      0|  0|   6|           6|           6|
    |oc_1_fu_437_p2        |     +    |      0|  0|   6|           6|           1|
    |oh_1_fu_793_p2        |     +    |      0|  0|   6|           6|           1|
    |oh_3_fu_915_p2        |     +    |      0|  0|   6|           6|           1|
    |oh_fu_694_p2          |     +    |      0|  0|   6|           6|           1|
    |ow_1_fu_830_p2        |     +    |      0|  0|   6|           6|           1|
    |ow_3_fu_952_p2        |     +    |      0|  0|   6|           6|           1|
    |ow_fu_731_p2          |     +    |      0|  0|   6|           6|           1|
    |tmp_11_fu_559_p2      |     +    |      0|  0|   3|           6|           6|
    |tmp_14_fu_741_p2      |     +    |      0|  0|  11|          11|          11|
    |tmp_16_fu_607_p2      |     +    |      0|  0|   3|           6|           6|
    |tmp_20_fu_660_p2      |     +    |      0|  0|  20|          20|          20|
    |tmp_28_fu_840_p2      |     +    |      0|  0|  11|          11|          11|
    |tmp_36_fu_647_p2      |     +    |      0|  0|  11|          11|          11|
    |tmp_38_fu_962_p2      |     +    |      0|  0|  11|          11|          11|
    |tmp_6_fu_759_p2       |     +    |      0|  0|  20|          20|          20|
    |tmp_7_fu_495_p2       |     +    |      0|  0|  11|          11|          11|
    |a_assign_fu_858_p2    |     -    |      0|  0|  18|          18|          18|
    |oh_2_fu_565_p2        |     -    |      0|  0|   3|           6|           6|
    |ow_2_fu_613_p2        |     -    |      0|  0|   3|           6|           6|
    |tmp_13_fu_819_p2      |     -    |      0|  0|  11|          11|          11|
    |tmp_22_fu_590_p2      |     -    |      0|  0|  11|          11|          11|
    |tmp_27_fu_941_p2      |     -    |      0|  0|  11|          11|          11|
    |tmp_5_fu_720_p2       |     -    |      0|  0|  11|          11|          11|
    |tmp_9_fu_474_p2       |     -    |      0|  0|  11|          11|          11|
    |exitcond10_fu_537_p2  |   icmp   |      0|  0|   3|           6|           6|
    |exitcond11_fu_521_p2  |   icmp   |      0|  0|   3|           6|           6|
    |exitcond12_fu_505_p2  |   icmp   |      0|  0|   3|           6|           6|
    |exitcond13_fu_432_p2  |   icmp   |      0|  0|   3|           6|           6|
    |exitcond1_fu_443_p2   |   icmp   |      0|  0|   3|           6|           6|
    |exitcond2_fu_947_p2   |   icmp   |      0|  0|   3|           6|           6|
    |exitcond3_fu_910_p2   |   icmp   |      0|  0|   3|           6|           6|
    |exitcond4_fu_825_p2   |   icmp   |      0|  0|   3|           6|           6|
    |exitcond5_fu_788_p2   |   icmp   |      0|  0|   3|           6|           6|
    |exitcond6_fu_726_p2   |   icmp   |      0|  0|   3|           6|           6|
    |exitcond7_fu_689_p2   |   icmp   |      0|  0|   3|           6|           6|
    |exitcond8_fu_596_p2   |   icmp   |      0|  0|   3|           6|           6|
    |exitcond9_fu_548_p2   |   icmp   |      0|  0|   3|           6|           6|
    |exitcond_fu_480_p2    |   icmp   |      0|  0|   3|           6|           6|
    |icmp1_fu_776_p2       |   icmp   |      0|  0|   2|           3|           1|
    |icmp_fu_677_p2        |   icmp   |      0|  0|   2|           3|           1|
    |tmp_10_fu_782_p2      |   icmp   |      0|  0|   7|          20|          19|
    |tmp_23_fu_683_p2      |   icmp   |      0|  0|   7|          20|          19|
    |ap_sig_309            |    or    |      0|  0|   1|           1|           1|
    |ap_sig_413            |    or    |      0|  0|   1|           1|           1|
    |y_assign_1_fu_897_p3  |  select  |      0|  0|  17|           1|           1|
    +----------------------+----------+-------+---+----+------------+------------+
    |Total                 |          |      0|  0| 355|         421|         345|
    +----------------------+----------+-------+---+----+------------+------------+

    * Multiplexer: 
    +-----------------------------+-----+-----------+-----+-----------+
    |             Name            | LUT | Input Size| Bits| Total Bits|
    +-----------------------------+-----+-----------+-----+-----------+
    |ap_NS_fsm                    |  102|         56|    1|         56|
    |ap_sig_ioackin_out_r_TREADY  |    1|          2|    1|          2|
    |b_TDATA_blk_n                |    1|          2|    1|          2|
    |i_reg_265                    |    6|          2|    6|         12|
    |ic_reg_287                   |    6|          2|    6|         12|
    |ih_reg_298                   |    6|          2|    6|         12|
    |in_r_TDATA_blk_n             |    1|          2|    1|          2|
    |iw_reg_321                   |    6|          2|    6|         12|
    |j_reg_276                    |    6|          2|    6|         12|
    |kh_reg_344                   |    6|          2|    6|         12|
    |kw_reg_355                   |    6|          2|    6|         12|
    |mean_TDATA_blk_n             |    1|          2|    1|          2|
    |oc_reg_254                   |    6|          2|    6|         12|
    |oh1_reg_366                  |    6|          2|    6|         12|
    |oh3_reg_388                  |    6|          2|    6|         12|
    |oh5_reg_410                  |    6|          2|    6|         12|
    |out_r_TDATA                  |   24|          3|   24|         72|
    |out_r_TDATA_blk_n            |    1|          2|    1|          2|
    |ow2_reg_377                  |    6|          2|    6|         12|
    |ow4_reg_399                  |    6|          2|    6|         12|
    |ow6_reg_421                  |    6|          2|    6|         12|
    |phi_mul1_reg_309             |    6|          2|    6|         12|
    |phi_mul_reg_332              |    6|          2|    6|         12|
    |std_TDATA_blk_n              |    1|          2|    1|          2|
    |temp_address0                |   20|          8|   10|         80|
    |temp_d0                      |   20|          6|   20|        120|
    |w_TDATA_blk_n                |    1|          2|    1|          2|
    +-----------------------------+-----+-----------+-----+-----------+
    |Total                        |  269|        119|  158|        534|
    +-----------------------------+-----+-----------+-----+-----------+

    * Register: 
    +-----------------------------+----+----+-----+-----------+
    |             Name            | FF | LUT| Bits| Const Bits|
    +-----------------------------+----+----+-----+-----------+
    |ap_CS_fsm                    |  55|   0|   55|          0|
    |ap_reg_ioackin_out_r_TREADY  |   1|   0|    1|          0|
    |i_1_reg_1061                 |   6|   0|    6|          0|
    |i_reg_265                    |   6|   0|    6|          0|
    |ic_1_reg_1082                |   6|   0|    6|          0|
    |ic_reg_287                   |   6|   0|    6|          0|
    |icmp1_reg_1178               |   1|   0|    1|          0|
    |icmp_reg_1144                |   1|   0|    1|          0|
    |ih_1_reg_1095                |   6|   0|    6|          0|
    |ih_reg_298                   |   6|   0|    6|          0|
    |iw_1_reg_1108                |   6|   0|    6|          0|
    |iw_reg_321                   |   6|   0|    6|          0|
    |j_reg_276                    |   6|   0|    6|          0|
    |kh_1_reg_1116                |   6|   0|    6|          0|
    |kh_reg_344                   |   6|   0|    6|          0|
    |kw_1_reg_1129                |   6|   0|    6|          0|
    |kw_reg_355                   |   6|   0|    6|          0|
    |next_mul1_reg_1087           |   6|   0|    6|          0|
    |next_mul_reg_1100            |   6|   0|    6|          0|
    |oc_1_reg_1053                |   6|   0|    6|          0|
    |oc_reg_254                   |   6|   0|    6|          0|
    |oh1_reg_366                  |   6|   0|    6|          0|
    |oh3_reg_388                  |   6|   0|    6|          0|
    |oh5_reg_410                  |   6|   0|    6|          0|
    |oh_1_reg_1189                |   6|   0|    6|          0|
    |oh_3_reg_1230                |   6|   0|    6|          0|
    |oh_reg_1155                  |   6|   0|    6|          0|
    |ow2_reg_377                  |   6|   0|    6|          0|
    |ow4_reg_399                  |   6|   0|    6|          0|
    |ow6_reg_421                  |   6|   0|    6|          0|
    |ow_1_reg_1202                |   6|   0|    6|          0|
    |ow_3_reg_1243                |   6|   0|    6|          0|
    |ow_reg_1168                  |   6|   0|    6|          0|
    |phi_mul1_reg_309             |   6|   0|    6|          0|
    |phi_mul_reg_332              |   6|   0|    6|          0|
    |temp_addr_1_reg_1173         |  10|   0|   10|          0|
    |temp_addr_3_reg_1139         |  10|   0|   10|          0|
    |tmp_10_reg_1182              |   1|   0|    1|          0|
    |tmp_13_reg_1194              |   9|   0|   11|          2|
    |tmp_22_reg_1121              |   9|   0|   11|          2|
    |tmp_23_reg_1148              |   1|   0|    1|          0|
    |tmp_27_reg_1235              |   9|   0|   11|          2|
    |tmp_29_reg_1212              |  18|   0|   18|          0|
    |tmp_2_i_reg_1134             |  18|   0|   18|          0|
    |tmp_5_reg_1160               |   9|   0|   11|          2|
    |tmp_9_reg_1066               |   9|   0|   11|          2|
    |x_I_c_read_reg_1035          |   6|   0|    6|          0|
    |x_I_h_read_reg_1045          |   6|   0|    6|          0|
    |x_I_w_read_reg_1040          |   6|   0|    6|          0|
    |x_K_read_reg_1008            |   6|   0|    6|          0|
    |x_O_c_read_reg_1014          |   6|   0|    6|          0|
    |x_O_h_read_reg_1027          |   6|   0|    6|          0|
    |x_O_w_read_reg_1019          |   6|   0|    6|          0|
    |x_P_read_reg_996             |   6|   0|    6|          0|
    |x_S_read_reg_1002            |   6|   0|    6|          0|
    |x_norm_read_reg_992          |   1|   0|    1|          0|
    |x_sig_read_reg_988           |   1|   0|    1|          0|
    +-----------------------------+----+----+-----+-----------+
    |Total                        | 403|   0|  413|         10|
    +-----------------------------+----+----+-----+-----------+



================================================================
== Interface
================================================================
* Summary: 
+------------------------+-----+-----+------------+--------------+--------------+
|        RTL Ports       | Dir | Bits|  Protocol  | Source Object|    C Type    |
+------------------------+-----+-----+------------+--------------+--------------+
|s_axi_CTRL_BUS_AWVALID  |  in |    1|    s_axi   |   CTRL_BUS   |    scalar    |
|s_axi_CTRL_BUS_AWREADY  | out |    1|    s_axi   |   CTRL_BUS   |    scalar    |
|s_axi_CTRL_BUS_AWADDR   |  in |    7|    s_axi   |   CTRL_BUS   |    scalar    |
|s_axi_CTRL_BUS_WVALID   |  in |    1|    s_axi   |   CTRL_BUS   |    scalar    |
|s_axi_CTRL_BUS_WREADY   | out |    1|    s_axi   |   CTRL_BUS   |    scalar    |
|s_axi_CTRL_BUS_WDATA    |  in |   32|    s_axi   |   CTRL_BUS   |    scalar    |
|s_axi_CTRL_BUS_WSTRB    |  in |    4|    s_axi   |   CTRL_BUS   |    scalar    |
|s_axi_CTRL_BUS_ARVALID  |  in |    1|    s_axi   |   CTRL_BUS   |    scalar    |
|s_axi_CTRL_BUS_ARREADY  | out |    1|    s_axi   |   CTRL_BUS   |    scalar    |
|s_axi_CTRL_BUS_ARADDR   |  in |    7|    s_axi   |   CTRL_BUS   |    scalar    |
|s_axi_CTRL_BUS_RVALID   | out |    1|    s_axi   |   CTRL_BUS   |    scalar    |
|s_axi_CTRL_BUS_RREADY   |  in |    1|    s_axi   |   CTRL_BUS   |    scalar    |
|s_axi_CTRL_BUS_RDATA    | out |   32|    s_axi   |   CTRL_BUS   |    scalar    |
|s_axi_CTRL_BUS_RRESP    | out |    2|    s_axi   |   CTRL_BUS   |    scalar    |
|s_axi_CTRL_BUS_BVALID   | out |    1|    s_axi   |   CTRL_BUS   |    scalar    |
|s_axi_CTRL_BUS_BREADY   |  in |    1|    s_axi   |   CTRL_BUS   |    scalar    |
|s_axi_CTRL_BUS_BRESP    | out |    2|    s_axi   |   CTRL_BUS   |    scalar    |
|ap_clk                  |  in |    1| ap_ctrl_hs |    deconv    | return value |
|ap_rst_n                |  in |    1| ap_ctrl_hs |    deconv    | return value |
|interrupt               | out |    1| ap_ctrl_hs |    deconv    | return value |
|in_r_TDATA              |  in |   24|    axis    |     in_r     |    pointer   |
|in_r_TVALID             |  in |    1|    axis    |     in_r     |    pointer   |
|in_r_TREADY             | out |    1|    axis    |     in_r     |    pointer   |
|out_r_TDATA             | out |   24|    axis    |     out_r    |    pointer   |
|out_r_TVALID            | out |    1|    axis    |     out_r    |    pointer   |
|out_r_TREADY            |  in |    1|    axis    |     out_r    |    pointer   |
|w_TDATA                 |  in |   24|    axis    |       w      |    pointer   |
|w_TVALID                |  in |    1|    axis    |       w      |    pointer   |
|w_TREADY                | out |    1|    axis    |       w      |    pointer   |
|b_TDATA                 |  in |   24|    axis    |       b      |    pointer   |
|b_TVALID                |  in |    1|    axis    |       b      |    pointer   |
|b_TREADY                | out |    1|    axis    |       b      |    pointer   |
|mean_TDATA              |  in |   24|    axis    |     mean     |    pointer   |
|mean_TVALID             |  in |    1|    axis    |     mean     |    pointer   |
|mean_TREADY             | out |    1|    axis    |     mean     |    pointer   |
|std_TDATA               |  in |   24|    axis    |      std     |    pointer   |
|std_TVALID              |  in |    1|    axis    |      std     |    pointer   |
|std_TREADY              | out |    1|    axis    |      std     |    pointer   |
+------------------------+-----+-----+------------+--------------+--------------+

