

================================================================
== Vivado HLS Report for 'p_extend_stream_283'
================================================================
* Date:           Thu Oct 18 23:39:58 2018

* Version:        2017.1 (Build 1846317 on Thu Jun 22 18:17:09 MDT 2017)
* Project:        stream_deconv_fixed
* Solution:       solution1
* Product family: zynq
* Target device:  xc7z020clg484-1


================================================================
== Performance Estimates
================================================================
+ Timing (ns): 
    * Summary: 
    +--------+-------+----------+------------+
    |  Clock | Target| Estimated| Uncertainty|
    +--------+-------+----------+------------+
    |ap_clk  |  10.00|      2.32|        1.25|
    +--------+-------+----------+------------+

+ Latency (clock cycles): 
    * Summary: 
    +------+------+------+------+---------+
    |   Latency   |   Interval  | Pipeline|
    |  min |  max |  min |  max |   Type  |
    +------+------+------+------+---------+
    |  4644|  4644|  4644|  4644|   none  |
    +------+------+------+------+---------+

    + Detail: 
        * Instance: 
        N/A

        * Loop: 
        +----------+------+------+----------+-----------+-----------+------+----------+
        |          |   Latency   | Iteration|  Initiation Interval  | Trip |          |
        | Loop Name|  min |  max |  Latency |  achieved |   target  | Count| Pipelined|
        +----------+------+------+----------+-----------+-----------+------+----------+
        |- Loop 1  |    32|    32|         2|          1|          1|    32|    yes   |
        |- Loop 2  |  4608|  4608|        33|         32|          1|   144|    yes   |
        +----------+------+------+----------+-----------+-----------+------+----------+

============================================================
+ Verbose Summary: Synthesis Manager
============================================================
InlineROM: 1
ExposeGlobal: 0
============================================================
+ Verbose Summary: CDFG Model
============================================================
IsTopModel: 0
ResetActiveHigh: 1
IsCombinational: 2
IsDatapathOnly: 0
HasWiredReturn: 1
HasMFsm: 0
HasVarLatency: 1
IsPipeline: 0
IsRtlPipelined: 0
IsInstanceOverlapped: 0
IsDontTouch: 0
HasImplIP: 0
IsGatedGlobalClock: 0

+ Individual pipeline summary: 
  * Pipeline-0: initiation interval (II) = 1, depth = 2
  * Pipeline-1: initiation interval (II) = 32, depth = 33


============================================================
+ Verbose Summary: Schedule
============================================================
* Number of FSM states: 38
* Pipeline: 2
  Pipeline-0: II = 1, D = 2, States = { 2 3 }
  Pipeline-1: II = 32, D = 33, States = { 5 6 7 8 9 10 11 12 13 14 15 16 17 18 19 20 21 22 23 24 25 26 27 28 29 30 31 32 33 34 35 36 37 }
* Dataflow Pipeline: 0

* FSM state transitions: 
1 --> 
	2  / true
2 --> 
	4  / (exitcond)
	3  / (!exitcond)
3 --> 
	2  / true
4 --> 
	5  / true
5 --> 
	38  / (exitcond9)
	6  / (!exitcond9)
6 --> 
	7  / true
7 --> 
	8  / true
8 --> 
	9  / true
9 --> 
	10  / true
10 --> 
	11  / true
11 --> 
	12  / true
12 --> 
	13  / true
13 --> 
	14  / true
14 --> 
	15  / true
15 --> 
	16  / true
16 --> 
	17  / true
17 --> 
	18  / true
18 --> 
	19  / true
19 --> 
	20  / true
20 --> 
	21  / true
21 --> 
	22  / true
22 --> 
	23  / true
23 --> 
	24  / true
24 --> 
	25  / true
25 --> 
	26  / true
26 --> 
	27  / true
27 --> 
	28  / true
28 --> 
	29  / true
29 --> 
	30  / true
30 --> 
	31  / true
31 --> 
	32  / true
32 --> 
	33  / true
33 --> 
	34  / true
34 --> 
	35  / true
35 --> 
	36  / true
36 --> 
	37  / true
37 --> 
	5  / true
38 --> 
* FSM state operations: 

 <State 1>: 1.77ns
ST_1: tmp_V_62 (3)  [1/1] 0.00ns
:0  %tmp_V_62 = alloca i18

ST_1: tmp_V_61 (4)  [1/1] 0.00ns
:1  %tmp_V_61 = alloca i18

ST_1: tmp_V_60 (5)  [1/1] 0.00ns
:2  %tmp_V_60 = alloca i18

ST_1: tmp_V_59 (6)  [1/1] 0.00ns
:3  %tmp_V_59 = alloca i18

ST_1: tmp_V_58 (7)  [1/1] 0.00ns
:4  %tmp_V_58 = alloca i18

ST_1: tmp_V_57 (8)  [1/1] 0.00ns
:5  %tmp_V_57 = alloca i18

ST_1: tmp_V_56 (9)  [1/1] 0.00ns
:6  %tmp_V_56 = alloca i18

ST_1: tmp_V_55 (10)  [1/1] 0.00ns
:7  %tmp_V_55 = alloca i18

ST_1: tmp_V_54 (11)  [1/1] 0.00ns
:8  %tmp_V_54 = alloca i18

ST_1: tmp_V_53 (12)  [1/1] 0.00ns
:9  %tmp_V_53 = alloca i18

ST_1: tmp_V_52 (13)  [1/1] 0.00ns
:10  %tmp_V_52 = alloca i18

ST_1: tmp_V_51 (14)  [1/1] 0.00ns
:11  %tmp_V_51 = alloca i18

ST_1: tmp_V_50 (15)  [1/1] 0.00ns
:12  %tmp_V_50 = alloca i18

ST_1: tmp_V_49 (16)  [1/1] 0.00ns
:13  %tmp_V_49 = alloca i18

ST_1: tmp_V_48 (17)  [1/1] 0.00ns
:14  %tmp_V_48 = alloca i18

ST_1: tmp_V_47 (18)  [1/1] 0.00ns
:15  %tmp_V_47 = alloca i18

ST_1: tmp_V_46 (19)  [1/1] 0.00ns
:16  %tmp_V_46 = alloca i18

ST_1: tmp_V_45 (20)  [1/1] 0.00ns
:17  %tmp_V_45 = alloca i18

ST_1: tmp_V_44 (21)  [1/1] 0.00ns
:18  %tmp_V_44 = alloca i18

ST_1: tmp_V_43 (22)  [1/1] 0.00ns
:19  %tmp_V_43 = alloca i18

ST_1: tmp_V_42 (23)  [1/1] 0.00ns
:20  %tmp_V_42 = alloca i18

ST_1: tmp_V_41 (24)  [1/1] 0.00ns
:21  %tmp_V_41 = alloca i18

ST_1: tmp_V_40 (25)  [1/1] 0.00ns
:22  %tmp_V_40 = alloca i18

ST_1: tmp_V_39 (26)  [1/1] 0.00ns
:23  %tmp_V_39 = alloca i18

ST_1: tmp_V_38 (27)  [1/1] 0.00ns
:24  %tmp_V_38 = alloca i18

ST_1: tmp_V_37 (28)  [1/1] 0.00ns
:25  %tmp_V_37 = alloca i18

ST_1: tmp_V_36 (29)  [1/1] 0.00ns
:26  %tmp_V_36 = alloca i18

ST_1: tmp_V_35 (30)  [1/1] 0.00ns
:27  %tmp_V_35 = alloca i18

ST_1: tmp_V_34 (31)  [1/1] 0.00ns
:28  %tmp_V_34 = alloca i18

ST_1: tmp_V_33 (32)  [1/1] 0.00ns
:29  %tmp_V_33 = alloca i18

ST_1: tmp_V_32 (33)  [1/1] 0.00ns
:30  %tmp_V_32 = alloca i18

ST_1: tmp_V_64 (34)  [1/1] 0.00ns
:31  %tmp_V_64 = alloca i18

ST_1: empty (35)  [1/1] 0.00ns
:32  %empty = call i32 (...)* @_ssdm_op_SpecInterface(i18* %stream_o_V_V, [8 x i8]* @ap_fifo_str, i32 0, i32 0, [1 x i8]* @p_str, i32 0, i32 0, [1 x i8]* @p_str, [1 x i8]* @p_str, [1 x i8]* @p_str, i32 2, i32 2, i32 16, i32 16, [1 x i8]* @p_str, [1 x i8]* @p_str)

ST_1: empty_145 (36)  [1/1] 0.00ns
:33  %empty_145 = call i32 (...)* @_ssdm_op_SpecInterface(i18* %stream_i_V_V1, [8 x i8]* @ap_fifo_str, i32 0, i32 0, [1 x i8]* @p_str, i32 0, i32 0, [1 x i8]* @p_str, [1 x i8]* @p_str, [1 x i8]* @p_str, i32 2, i32 2, i32 16, i32 16, [1 x i8]* @p_str, [1 x i8]* @p_str)

ST_1: StgValue_73 (37)  [1/1] 1.77ns  loc: stream_deconv_fixed.cpp:142
:34  br label %1


 <State 2>: 1.83ns
ST_2: p_9 (39)  [1/1] 0.00ns
:0  %p_9 = phi i6 [ 0, %0 ], [ %oc_V, %branch0 ]

ST_2: exitcond (40)  [1/1] 1.43ns  loc: stream_deconv_fixed.cpp:142
:1  %exitcond = icmp eq i6 %p_9, -32

ST_2: oc_V (41)  [1/1] 1.83ns  loc: stream_deconv_fixed.cpp:142
:2  %oc_V = add i6 %p_9, 1

ST_2: StgValue_77 (42)  [1/1] 0.00ns  loc: stream_deconv_fixed.cpp:142
:3  br i1 %exitcond, label %.preheader.preheader, label %2

ST_2: tmp_220 (48)  [1/1] 0.00ns  loc: stream_deconv_fixed.cpp:142
:4  %tmp_220 = trunc i6 %p_9 to i5

ST_2: StgValue_79 (49)  [1/1] 1.49ns  loc: stream_deconv_fixed.cpp:144
:5  switch i5 %tmp_220, label %branch31 [
    i5 0, label %branch0.pre
    i5 1, label %branch1
    i5 2, label %branch2
    i5 3, label %branch3
    i5 4, label %branch4
    i5 5, label %branch5
    i5 6, label %branch6
    i5 7, label %branch7
    i5 8, label %branch8
    i5 9, label %branch9
    i5 10, label %branch10
    i5 11, label %branch11
    i5 12, label %branch12
    i5 13, label %branch13
    i5 14, label %branch14
    i5 15, label %branch15
    i5 -16, label %branch16
    i5 -15, label %branch17
    i5 -14, label %branch18
    i5 -13, label %branch19
    i5 -12, label %branch20
    i5 -11, label %branch21
    i5 -10, label %branch22
    i5 -9, label %branch23
    i5 -8, label %branch24
    i5 -7, label %branch25
    i5 -6, label %branch26
    i5 -5, label %branch27
    i5 -4, label %branch28
    i5 -3, label %branch29
    i5 -2, label %branch30
  ]

ST_2: StgValue_80 (52)  [1/1] 0.00ns  loc: stream_deconv_fixed.cpp:144
branch30:1  br label %branch0

ST_2: StgValue_81 (55)  [1/1] 0.00ns  loc: stream_deconv_fixed.cpp:144
branch29:1  br label %branch0

ST_2: StgValue_82 (58)  [1/1] 0.00ns  loc: stream_deconv_fixed.cpp:144
branch28:1  br label %branch0

ST_2: StgValue_83 (61)  [1/1] 0.00ns  loc: stream_deconv_fixed.cpp:144
branch27:1  br label %branch0

ST_2: StgValue_84 (64)  [1/1] 0.00ns  loc: stream_deconv_fixed.cpp:144
branch26:1  br label %branch0

ST_2: StgValue_85 (67)  [1/1] 0.00ns  loc: stream_deconv_fixed.cpp:144
branch25:1  br label %branch0

ST_2: StgValue_86 (70)  [1/1] 0.00ns  loc: stream_deconv_fixed.cpp:144
branch24:1  br label %branch0

ST_2: StgValue_87 (73)  [1/1] 0.00ns  loc: stream_deconv_fixed.cpp:144
branch23:1  br label %branch0

ST_2: StgValue_88 (76)  [1/1] 0.00ns  loc: stream_deconv_fixed.cpp:144
branch22:1  br label %branch0

ST_2: StgValue_89 (79)  [1/1] 0.00ns  loc: stream_deconv_fixed.cpp:144
branch21:1  br label %branch0

ST_2: StgValue_90 (82)  [1/1] 0.00ns  loc: stream_deconv_fixed.cpp:144
branch20:1  br label %branch0

ST_2: StgValue_91 (85)  [1/1] 0.00ns  loc: stream_deconv_fixed.cpp:144
branch19:1  br label %branch0

ST_2: StgValue_92 (88)  [1/1] 0.00ns  loc: stream_deconv_fixed.cpp:144
branch18:1  br label %branch0

ST_2: StgValue_93 (91)  [1/1] 0.00ns  loc: stream_deconv_fixed.cpp:144
branch17:1  br label %branch0

ST_2: StgValue_94 (94)  [1/1] 0.00ns  loc: stream_deconv_fixed.cpp:144
branch16:1  br label %branch0

ST_2: StgValue_95 (97)  [1/1] 0.00ns  loc: stream_deconv_fixed.cpp:144
branch15:1  br label %branch0

ST_2: StgValue_96 (100)  [1/1] 0.00ns  loc: stream_deconv_fixed.cpp:144
branch14:1  br label %branch0

ST_2: StgValue_97 (103)  [1/1] 0.00ns  loc: stream_deconv_fixed.cpp:144
branch13:1  br label %branch0

ST_2: StgValue_98 (106)  [1/1] 0.00ns  loc: stream_deconv_fixed.cpp:144
branch12:1  br label %branch0

ST_2: StgValue_99 (109)  [1/1] 0.00ns  loc: stream_deconv_fixed.cpp:144
branch11:1  br label %branch0

ST_2: StgValue_100 (112)  [1/1] 0.00ns  loc: stream_deconv_fixed.cpp:144
branch10:1  br label %branch0

ST_2: StgValue_101 (115)  [1/1] 0.00ns  loc: stream_deconv_fixed.cpp:144
branch9:1  br label %branch0

ST_2: StgValue_102 (118)  [1/1] 0.00ns  loc: stream_deconv_fixed.cpp:144
branch8:1  br label %branch0

ST_2: StgValue_103 (121)  [1/1] 0.00ns  loc: stream_deconv_fixed.cpp:144
branch7:1  br label %branch0

ST_2: StgValue_104 (124)  [1/1] 0.00ns  loc: stream_deconv_fixed.cpp:144
branch6:1  br label %branch0

ST_2: StgValue_105 (127)  [1/1] 0.00ns  loc: stream_deconv_fixed.cpp:144
branch5:1  br label %branch0

ST_2: StgValue_106 (130)  [1/1] 0.00ns  loc: stream_deconv_fixed.cpp:144
branch4:1  br label %branch0

ST_2: StgValue_107 (133)  [1/1] 0.00ns  loc: stream_deconv_fixed.cpp:144
branch3:1  br label %branch0

ST_2: StgValue_108 (136)  [1/1] 0.00ns  loc: stream_deconv_fixed.cpp:144
branch2:1  br label %branch0

ST_2: StgValue_109 (139)  [1/1] 0.00ns  loc: stream_deconv_fixed.cpp:144
branch1:1  br label %branch0

ST_2: StgValue_110 (142)  [1/1] 0.00ns
branch0.pre:1  br label %branch0

ST_2: StgValue_111 (145)  [1/1] 0.00ns  loc: stream_deconv_fixed.cpp:144
branch31:1  br label %branch0


 <State 3>: 2.32ns
ST_3: empty_146 (44)  [1/1] 0.00ns
:0  %empty_146 = call i32 (...)* @_ssdm_op_SpecLoopTripCount(i64 32, i64 32, i64 32)

ST_3: tmp (45)  [1/1] 0.00ns  loc: stream_deconv_fixed.cpp:142
:1  %tmp = call i32 (...)* @_ssdm_op_SpecRegionBegin([12 x i8]* @p_str28)

ST_3: StgValue_114 (46)  [1/1] 0.00ns  loc: stream_deconv_fixed.cpp:143
:2  call void (...)* @_ssdm_op_SpecPipeline(i32 1, i32 1, i32 1, i32 0, [1 x i8]* @p_str1) nounwind

ST_3: tmp_V (47)  [1/1] 2.32ns  loc: stream_deconv_fixed.cpp:144
:3  %tmp_V = call i18 @_ssdm_op_Read.ap_fifo.volatile.i18P(i18* %stream_i_V_V1)

ST_3: StgValue_116 (51)  [1/1] 0.00ns  loc: stream_deconv_fixed.cpp:144
branch30:0  store i18 %tmp_V, i18* %tmp_V_32

ST_3: StgValue_117 (54)  [1/1] 0.00ns  loc: stream_deconv_fixed.cpp:144
branch29:0  store i18 %tmp_V, i18* %tmp_V_33

ST_3: StgValue_118 (57)  [1/1] 0.00ns  loc: stream_deconv_fixed.cpp:144
branch28:0  store i18 %tmp_V, i18* %tmp_V_34

ST_3: StgValue_119 (60)  [1/1] 0.00ns  loc: stream_deconv_fixed.cpp:144
branch27:0  store i18 %tmp_V, i18* %tmp_V_35

ST_3: StgValue_120 (63)  [1/1] 0.00ns  loc: stream_deconv_fixed.cpp:144
branch26:0  store i18 %tmp_V, i18* %tmp_V_36

ST_3: StgValue_121 (66)  [1/1] 0.00ns  loc: stream_deconv_fixed.cpp:144
branch25:0  store i18 %tmp_V, i18* %tmp_V_37

ST_3: StgValue_122 (69)  [1/1] 0.00ns  loc: stream_deconv_fixed.cpp:144
branch24:0  store i18 %tmp_V, i18* %tmp_V_38

ST_3: StgValue_123 (72)  [1/1] 0.00ns  loc: stream_deconv_fixed.cpp:144
branch23:0  store i18 %tmp_V, i18* %tmp_V_39

ST_3: StgValue_124 (75)  [1/1] 0.00ns  loc: stream_deconv_fixed.cpp:144
branch22:0  store i18 %tmp_V, i18* %tmp_V_40

ST_3: StgValue_125 (78)  [1/1] 0.00ns  loc: stream_deconv_fixed.cpp:144
branch21:0  store i18 %tmp_V, i18* %tmp_V_41

ST_3: StgValue_126 (81)  [1/1] 0.00ns  loc: stream_deconv_fixed.cpp:144
branch20:0  store i18 %tmp_V, i18* %tmp_V_42

ST_3: StgValue_127 (84)  [1/1] 0.00ns  loc: stream_deconv_fixed.cpp:144
branch19:0  store i18 %tmp_V, i18* %tmp_V_43

ST_3: StgValue_128 (87)  [1/1] 0.00ns  loc: stream_deconv_fixed.cpp:144
branch18:0  store i18 %tmp_V, i18* %tmp_V_44

ST_3: StgValue_129 (90)  [1/1] 0.00ns  loc: stream_deconv_fixed.cpp:144
branch17:0  store i18 %tmp_V, i18* %tmp_V_45

ST_3: StgValue_130 (93)  [1/1] 0.00ns  loc: stream_deconv_fixed.cpp:144
branch16:0  store i18 %tmp_V, i18* %tmp_V_46

ST_3: StgValue_131 (96)  [1/1] 0.00ns  loc: stream_deconv_fixed.cpp:144
branch15:0  store i18 %tmp_V, i18* %tmp_V_47

ST_3: StgValue_132 (99)  [1/1] 0.00ns  loc: stream_deconv_fixed.cpp:144
branch14:0  store i18 %tmp_V, i18* %tmp_V_48

ST_3: StgValue_133 (102)  [1/1] 0.00ns  loc: stream_deconv_fixed.cpp:144
branch13:0  store i18 %tmp_V, i18* %tmp_V_49

ST_3: StgValue_134 (105)  [1/1] 0.00ns  loc: stream_deconv_fixed.cpp:144
branch12:0  store i18 %tmp_V, i18* %tmp_V_50

ST_3: StgValue_135 (108)  [1/1] 0.00ns  loc: stream_deconv_fixed.cpp:144
branch11:0  store i18 %tmp_V, i18* %tmp_V_51

ST_3: StgValue_136 (111)  [1/1] 0.00ns  loc: stream_deconv_fixed.cpp:144
branch10:0  store i18 %tmp_V, i18* %tmp_V_52

ST_3: StgValue_137 (114)  [1/1] 0.00ns  loc: stream_deconv_fixed.cpp:144
branch9:0  store i18 %tmp_V, i18* %tmp_V_53

ST_3: StgValue_138 (117)  [1/1] 0.00ns  loc: stream_deconv_fixed.cpp:144
branch8:0  store i18 %tmp_V, i18* %tmp_V_54

ST_3: StgValue_139 (120)  [1/1] 0.00ns  loc: stream_deconv_fixed.cpp:144
branch7:0  store i18 %tmp_V, i18* %tmp_V_55

ST_3: StgValue_140 (123)  [1/1] 0.00ns  loc: stream_deconv_fixed.cpp:144
branch6:0  store i18 %tmp_V, i18* %tmp_V_56

ST_3: StgValue_141 (126)  [1/1] 0.00ns  loc: stream_deconv_fixed.cpp:144
branch5:0  store i18 %tmp_V, i18* %tmp_V_57

ST_3: StgValue_142 (129)  [1/1] 0.00ns  loc: stream_deconv_fixed.cpp:144
branch4:0  store i18 %tmp_V, i18* %tmp_V_58

ST_3: StgValue_143 (132)  [1/1] 0.00ns  loc: stream_deconv_fixed.cpp:144
branch3:0  store i18 %tmp_V, i18* %tmp_V_59

ST_3: StgValue_144 (135)  [1/1] 0.00ns  loc: stream_deconv_fixed.cpp:144
branch2:0  store i18 %tmp_V, i18* %tmp_V_60

ST_3: StgValue_145 (138)  [1/1] 0.00ns  loc: stream_deconv_fixed.cpp:144
branch1:0  store i18 %tmp_V, i18* %tmp_V_61

ST_3: StgValue_146 (141)  [1/1] 0.00ns  loc: stream_deconv_fixed.cpp:144
branch0.pre:0  store i18 %tmp_V, i18* %tmp_V_62

ST_3: StgValue_147 (144)  [1/1] 0.00ns  loc: stream_deconv_fixed.cpp:144
branch31:0  store i18 %tmp_V, i18* %tmp_V_64

ST_3: empty_147 (147)  [1/1] 0.00ns  loc: stream_deconv_fixed.cpp:145
branch0:0  %empty_147 = call i32 (...)* @_ssdm_op_SpecRegionEnd([12 x i8]* @p_str28, i32 %tmp)

ST_3: StgValue_149 (148)  [1/1] 0.00ns  loc: stream_deconv_fixed.cpp:142
branch0:1  br label %1


 <State 4>: 1.77ns
ST_4: StgValue_150 (150)  [1/1] 1.77ns  loc: stream_deconv_fixed.cpp:147
.preheader.preheader:0  br label %.preheader


 <State 5>: 1.92ns
ST_5: p_s (152)  [1/1] 0.00ns
.preheader:0  %p_s = phi i8 [ %rep_amt_V, %3 ], [ 0, %.preheader.preheader ]

ST_5: exitcond9 (153)  [1/1] 1.55ns  loc: stream_deconv_fixed.cpp:147
.preheader:1  %exitcond9 = icmp eq i8 %p_s, -112

ST_5: rep_amt_V (154)  [1/1] 1.92ns  loc: stream_deconv_fixed.cpp:147
.preheader:2  %rep_amt_V = add i8 %p_s, 1

ST_5: StgValue_154 (155)  [1/1] 0.00ns  loc: stream_deconv_fixed.cpp:147
.preheader:3  br i1 %exitcond9, label %4, label %3


 <State 6>: 2.32ns
ST_6: tmp_V_62_load (157)  [1/1] 0.00ns  loc: stream_deconv_fixed.cpp:151
:0  %tmp_V_62_load = load i18* %tmp_V_62

ST_6: StgValue_156 (192)  [1/1] 2.32ns  loc: stream_deconv_fixed.cpp:151
:35  call void @_ssdm_op_Write.ap_fifo.volatile.i18P(i18* %stream_o_V_V, i18 %tmp_V_62_load)


 <State 7>: 2.32ns
ST_7: tmp_V_61_load (158)  [1/1] 0.00ns  loc: stream_deconv_fixed.cpp:151
:1  %tmp_V_61_load = load i18* %tmp_V_61

ST_7: StgValue_158 (193)  [1/1] 2.32ns  loc: stream_deconv_fixed.cpp:151
:36  call void @_ssdm_op_Write.ap_fifo.volatile.i18P(i18* %stream_o_V_V, i18 %tmp_V_61_load)


 <State 8>: 2.32ns
ST_8: tmp_V_60_load (159)  [1/1] 0.00ns  loc: stream_deconv_fixed.cpp:151
:2  %tmp_V_60_load = load i18* %tmp_V_60

ST_8: StgValue_160 (194)  [1/1] 2.32ns  loc: stream_deconv_fixed.cpp:151
:37  call void @_ssdm_op_Write.ap_fifo.volatile.i18P(i18* %stream_o_V_V, i18 %tmp_V_60_load)


 <State 9>: 2.32ns
ST_9: tmp_V_59_load (160)  [1/1] 0.00ns  loc: stream_deconv_fixed.cpp:151
:3  %tmp_V_59_load = load i18* %tmp_V_59

ST_9: StgValue_162 (195)  [1/1] 2.32ns  loc: stream_deconv_fixed.cpp:151
:38  call void @_ssdm_op_Write.ap_fifo.volatile.i18P(i18* %stream_o_V_V, i18 %tmp_V_59_load)


 <State 10>: 2.32ns
ST_10: tmp_V_58_load (161)  [1/1] 0.00ns  loc: stream_deconv_fixed.cpp:151
:4  %tmp_V_58_load = load i18* %tmp_V_58

ST_10: StgValue_164 (196)  [1/1] 2.32ns  loc: stream_deconv_fixed.cpp:151
:39  call void @_ssdm_op_Write.ap_fifo.volatile.i18P(i18* %stream_o_V_V, i18 %tmp_V_58_load)


 <State 11>: 2.32ns
ST_11: tmp_V_57_load (162)  [1/1] 0.00ns  loc: stream_deconv_fixed.cpp:151
:5  %tmp_V_57_load = load i18* %tmp_V_57

ST_11: StgValue_166 (197)  [1/1] 2.32ns  loc: stream_deconv_fixed.cpp:151
:40  call void @_ssdm_op_Write.ap_fifo.volatile.i18P(i18* %stream_o_V_V, i18 %tmp_V_57_load)


 <State 12>: 2.32ns
ST_12: tmp_V_56_load (163)  [1/1] 0.00ns  loc: stream_deconv_fixed.cpp:151
:6  %tmp_V_56_load = load i18* %tmp_V_56

ST_12: StgValue_168 (198)  [1/1] 2.32ns  loc: stream_deconv_fixed.cpp:151
:41  call void @_ssdm_op_Write.ap_fifo.volatile.i18P(i18* %stream_o_V_V, i18 %tmp_V_56_load)


 <State 13>: 2.32ns
ST_13: tmp_V_55_load (164)  [1/1] 0.00ns  loc: stream_deconv_fixed.cpp:151
:7  %tmp_V_55_load = load i18* %tmp_V_55

ST_13: StgValue_170 (199)  [1/1] 2.32ns  loc: stream_deconv_fixed.cpp:151
:42  call void @_ssdm_op_Write.ap_fifo.volatile.i18P(i18* %stream_o_V_V, i18 %tmp_V_55_load)


 <State 14>: 2.32ns
ST_14: tmp_V_54_load (165)  [1/1] 0.00ns  loc: stream_deconv_fixed.cpp:151
:8  %tmp_V_54_load = load i18* %tmp_V_54

ST_14: StgValue_172 (200)  [1/1] 2.32ns  loc: stream_deconv_fixed.cpp:151
:43  call void @_ssdm_op_Write.ap_fifo.volatile.i18P(i18* %stream_o_V_V, i18 %tmp_V_54_load)


 <State 15>: 2.32ns
ST_15: tmp_V_53_load (166)  [1/1] 0.00ns  loc: stream_deconv_fixed.cpp:151
:9  %tmp_V_53_load = load i18* %tmp_V_53

ST_15: StgValue_174 (201)  [1/1] 2.32ns  loc: stream_deconv_fixed.cpp:151
:44  call void @_ssdm_op_Write.ap_fifo.volatile.i18P(i18* %stream_o_V_V, i18 %tmp_V_53_load)


 <State 16>: 2.32ns
ST_16: tmp_V_52_load (167)  [1/1] 0.00ns  loc: stream_deconv_fixed.cpp:151
:10  %tmp_V_52_load = load i18* %tmp_V_52

ST_16: StgValue_176 (202)  [1/1] 2.32ns  loc: stream_deconv_fixed.cpp:151
:45  call void @_ssdm_op_Write.ap_fifo.volatile.i18P(i18* %stream_o_V_V, i18 %tmp_V_52_load)


 <State 17>: 2.32ns
ST_17: tmp_V_51_load (168)  [1/1] 0.00ns  loc: stream_deconv_fixed.cpp:151
:11  %tmp_V_51_load = load i18* %tmp_V_51

ST_17: StgValue_178 (203)  [1/1] 2.32ns  loc: stream_deconv_fixed.cpp:151
:46  call void @_ssdm_op_Write.ap_fifo.volatile.i18P(i18* %stream_o_V_V, i18 %tmp_V_51_load)


 <State 18>: 2.32ns
ST_18: tmp_V_50_load (169)  [1/1] 0.00ns  loc: stream_deconv_fixed.cpp:151
:12  %tmp_V_50_load = load i18* %tmp_V_50

ST_18: StgValue_180 (204)  [1/1] 2.32ns  loc: stream_deconv_fixed.cpp:151
:47  call void @_ssdm_op_Write.ap_fifo.volatile.i18P(i18* %stream_o_V_V, i18 %tmp_V_50_load)


 <State 19>: 2.32ns
ST_19: tmp_V_49_load (170)  [1/1] 0.00ns  loc: stream_deconv_fixed.cpp:151
:13  %tmp_V_49_load = load i18* %tmp_V_49

ST_19: StgValue_182 (205)  [1/1] 2.32ns  loc: stream_deconv_fixed.cpp:151
:48  call void @_ssdm_op_Write.ap_fifo.volatile.i18P(i18* %stream_o_V_V, i18 %tmp_V_49_load)


 <State 20>: 2.32ns
ST_20: tmp_V_48_load (171)  [1/1] 0.00ns  loc: stream_deconv_fixed.cpp:151
:14  %tmp_V_48_load = load i18* %tmp_V_48

ST_20: StgValue_184 (206)  [1/1] 2.32ns  loc: stream_deconv_fixed.cpp:151
:49  call void @_ssdm_op_Write.ap_fifo.volatile.i18P(i18* %stream_o_V_V, i18 %tmp_V_48_load)


 <State 21>: 2.32ns
ST_21: tmp_V_47_load (172)  [1/1] 0.00ns  loc: stream_deconv_fixed.cpp:151
:15  %tmp_V_47_load = load i18* %tmp_V_47

ST_21: StgValue_186 (207)  [1/1] 2.32ns  loc: stream_deconv_fixed.cpp:151
:50  call void @_ssdm_op_Write.ap_fifo.volatile.i18P(i18* %stream_o_V_V, i18 %tmp_V_47_load)


 <State 22>: 2.32ns
ST_22: tmp_V_46_load (173)  [1/1] 0.00ns  loc: stream_deconv_fixed.cpp:151
:16  %tmp_V_46_load = load i18* %tmp_V_46

ST_22: StgValue_188 (208)  [1/1] 2.32ns  loc: stream_deconv_fixed.cpp:151
:51  call void @_ssdm_op_Write.ap_fifo.volatile.i18P(i18* %stream_o_V_V, i18 %tmp_V_46_load)


 <State 23>: 2.32ns
ST_23: tmp_V_45_load (174)  [1/1] 0.00ns  loc: stream_deconv_fixed.cpp:151
:17  %tmp_V_45_load = load i18* %tmp_V_45

ST_23: StgValue_190 (209)  [1/1] 2.32ns  loc: stream_deconv_fixed.cpp:151
:52  call void @_ssdm_op_Write.ap_fifo.volatile.i18P(i18* %stream_o_V_V, i18 %tmp_V_45_load)


 <State 24>: 2.32ns
ST_24: tmp_V_44_load (175)  [1/1] 0.00ns  loc: stream_deconv_fixed.cpp:151
:18  %tmp_V_44_load = load i18* %tmp_V_44

ST_24: StgValue_192 (210)  [1/1] 2.32ns  loc: stream_deconv_fixed.cpp:151
:53  call void @_ssdm_op_Write.ap_fifo.volatile.i18P(i18* %stream_o_V_V, i18 %tmp_V_44_load)


 <State 25>: 2.32ns
ST_25: tmp_V_43_load (176)  [1/1] 0.00ns  loc: stream_deconv_fixed.cpp:151
:19  %tmp_V_43_load = load i18* %tmp_V_43

ST_25: StgValue_194 (211)  [1/1] 2.32ns  loc: stream_deconv_fixed.cpp:151
:54  call void @_ssdm_op_Write.ap_fifo.volatile.i18P(i18* %stream_o_V_V, i18 %tmp_V_43_load)


 <State 26>: 2.32ns
ST_26: tmp_V_42_load (177)  [1/1] 0.00ns  loc: stream_deconv_fixed.cpp:151
:20  %tmp_V_42_load = load i18* %tmp_V_42

ST_26: StgValue_196 (212)  [1/1] 2.32ns  loc: stream_deconv_fixed.cpp:151
:55  call void @_ssdm_op_Write.ap_fifo.volatile.i18P(i18* %stream_o_V_V, i18 %tmp_V_42_load)


 <State 27>: 2.32ns
ST_27: tmp_V_41_load (178)  [1/1] 0.00ns  loc: stream_deconv_fixed.cpp:151
:21  %tmp_V_41_load = load i18* %tmp_V_41

ST_27: StgValue_198 (213)  [1/1] 2.32ns  loc: stream_deconv_fixed.cpp:151
:56  call void @_ssdm_op_Write.ap_fifo.volatile.i18P(i18* %stream_o_V_V, i18 %tmp_V_41_load)


 <State 28>: 2.32ns
ST_28: tmp_V_40_load (179)  [1/1] 0.00ns  loc: stream_deconv_fixed.cpp:151
:22  %tmp_V_40_load = load i18* %tmp_V_40

ST_28: StgValue_200 (214)  [1/1] 2.32ns  loc: stream_deconv_fixed.cpp:151
:57  call void @_ssdm_op_Write.ap_fifo.volatile.i18P(i18* %stream_o_V_V, i18 %tmp_V_40_load)


 <State 29>: 2.32ns
ST_29: tmp_V_39_load (180)  [1/1] 0.00ns  loc: stream_deconv_fixed.cpp:151
:23  %tmp_V_39_load = load i18* %tmp_V_39

ST_29: StgValue_202 (215)  [1/1] 2.32ns  loc: stream_deconv_fixed.cpp:151
:58  call void @_ssdm_op_Write.ap_fifo.volatile.i18P(i18* %stream_o_V_V, i18 %tmp_V_39_load)


 <State 30>: 2.32ns
ST_30: tmp_V_38_load (181)  [1/1] 0.00ns  loc: stream_deconv_fixed.cpp:151
:24  %tmp_V_38_load = load i18* %tmp_V_38

ST_30: StgValue_204 (216)  [1/1] 2.32ns  loc: stream_deconv_fixed.cpp:151
:59  call void @_ssdm_op_Write.ap_fifo.volatile.i18P(i18* %stream_o_V_V, i18 %tmp_V_38_load)


 <State 31>: 2.32ns
ST_31: tmp_V_37_load (182)  [1/1] 0.00ns  loc: stream_deconv_fixed.cpp:151
:25  %tmp_V_37_load = load i18* %tmp_V_37

ST_31: StgValue_206 (217)  [1/1] 2.32ns  loc: stream_deconv_fixed.cpp:151
:60  call void @_ssdm_op_Write.ap_fifo.volatile.i18P(i18* %stream_o_V_V, i18 %tmp_V_37_load)


 <State 32>: 2.32ns
ST_32: tmp_V_36_load (183)  [1/1] 0.00ns  loc: stream_deconv_fixed.cpp:151
:26  %tmp_V_36_load = load i18* %tmp_V_36

ST_32: StgValue_208 (218)  [1/1] 2.32ns  loc: stream_deconv_fixed.cpp:151
:61  call void @_ssdm_op_Write.ap_fifo.volatile.i18P(i18* %stream_o_V_V, i18 %tmp_V_36_load)


 <State 33>: 2.32ns
ST_33: tmp_V_35_load (184)  [1/1] 0.00ns  loc: stream_deconv_fixed.cpp:151
:27  %tmp_V_35_load = load i18* %tmp_V_35

ST_33: StgValue_210 (219)  [1/1] 2.32ns  loc: stream_deconv_fixed.cpp:151
:62  call void @_ssdm_op_Write.ap_fifo.volatile.i18P(i18* %stream_o_V_V, i18 %tmp_V_35_load)


 <State 34>: 2.32ns
ST_34: tmp_V_34_load (185)  [1/1] 0.00ns  loc: stream_deconv_fixed.cpp:151
:28  %tmp_V_34_load = load i18* %tmp_V_34

ST_34: StgValue_212 (220)  [1/1] 2.32ns  loc: stream_deconv_fixed.cpp:151
:63  call void @_ssdm_op_Write.ap_fifo.volatile.i18P(i18* %stream_o_V_V, i18 %tmp_V_34_load)


 <State 35>: 2.32ns
ST_35: tmp_V_33_load (186)  [1/1] 0.00ns  loc: stream_deconv_fixed.cpp:151
:29  %tmp_V_33_load = load i18* %tmp_V_33

ST_35: StgValue_214 (221)  [1/1] 2.32ns  loc: stream_deconv_fixed.cpp:151
:64  call void @_ssdm_op_Write.ap_fifo.volatile.i18P(i18* %stream_o_V_V, i18 %tmp_V_33_load)


 <State 36>: 2.32ns
ST_36: tmp_V_32_load (187)  [1/1] 0.00ns  loc: stream_deconv_fixed.cpp:151
:30  %tmp_V_32_load = load i18* %tmp_V_32

ST_36: StgValue_216 (222)  [1/1] 2.32ns  loc: stream_deconv_fixed.cpp:151
:65  call void @_ssdm_op_Write.ap_fifo.volatile.i18P(i18* %stream_o_V_V, i18 %tmp_V_32_load)


 <State 37>: 2.32ns
ST_37: tmp_V_64_load (188)  [1/1] 0.00ns  loc: stream_deconv_fixed.cpp:151
:31  %tmp_V_64_load = load i18* %tmp_V_64

ST_37: empty_148 (189)  [1/1] 0.00ns
:32  %empty_148 = call i32 (...)* @_ssdm_op_SpecLoopTripCount(i64 144, i64 144, i64 144)

ST_37: tmp_s (190)  [1/1] 0.00ns  loc: stream_deconv_fixed.cpp:147
:33  %tmp_s = call i32 (...)* @_ssdm_op_SpecRegionBegin([12 x i8]* @p_str29)

ST_37: StgValue_220 (191)  [1/1] 0.00ns  loc: stream_deconv_fixed.cpp:148
:34  call void (...)* @_ssdm_op_SpecPipeline(i32 1, i32 1, i32 1, i32 0, [1 x i8]* @p_str1) nounwind

ST_37: StgValue_221 (223)  [1/1] 2.32ns  loc: stream_deconv_fixed.cpp:151
:66  call void @_ssdm_op_Write.ap_fifo.volatile.i18P(i18* %stream_o_V_V, i18 %tmp_V_64_load)

ST_37: empty_149 (224)  [1/1] 0.00ns  loc: stream_deconv_fixed.cpp:153
:67  %empty_149 = call i32 (...)* @_ssdm_op_SpecRegionEnd([12 x i8]* @p_str29, i32 %tmp_s)

ST_37: StgValue_223 (225)  [1/1] 0.00ns  loc: stream_deconv_fixed.cpp:147
:68  br label %.preheader


 <State 38>: 0.00ns
ST_38: StgValue_224 (227)  [1/1] 0.00ns  loc: stream_deconv_fixed.cpp:154
:0  ret void



============================================================
+ Verbose Summary: Timing violations
============================================================
Target clock period: 10ns, clock uncertainty: 1.25ns.

 <State 1>: 1.77ns
The critical path consists of the following:
	multiplexor before 'phi' operation ('oc.V') with incoming values : ('oc.V', stream_deconv_fixed.cpp:142) [39]  (1.77 ns)

 <State 2>: 1.83ns
The critical path consists of the following:
	'phi' operation ('oc.V') with incoming values : ('oc.V', stream_deconv_fixed.cpp:142) [39]  (0 ns)
	'add' operation ('oc.V', stream_deconv_fixed.cpp:142) [41]  (1.83 ns)

 <State 3>: 2.32ns
The critical path consists of the following:
	fifo read on port 'stream_i_V_V1' (stream_deconv_fixed.cpp:144) [47]  (2.32 ns)

 <State 4>: 1.77ns
The critical path consists of the following:
	multiplexor before 'phi' operation ('rep_amt.V') with incoming values : ('rep_amt.V', stream_deconv_fixed.cpp:147) [152]  (1.77 ns)

 <State 5>: 1.92ns
The critical path consists of the following:
	'phi' operation ('rep_amt.V') with incoming values : ('rep_amt.V', stream_deconv_fixed.cpp:147) [152]  (0 ns)
	'add' operation ('rep_amt.V', stream_deconv_fixed.cpp:147) [154]  (1.92 ns)

 <State 6>: 2.32ns
The critical path consists of the following:
	'load' operation ('tmp_V_62_load', stream_deconv_fixed.cpp:151) on local variable 'tmp.V' [157]  (0 ns)
	fifo write on port 'stream_o_V_V' (stream_deconv_fixed.cpp:151) [192]  (2.32 ns)

 <State 7>: 2.32ns
The critical path consists of the following:
	'load' operation ('tmp_V_61_load', stream_deconv_fixed.cpp:151) on local variable 'tmp.V' [158]  (0 ns)
	fifo write on port 'stream_o_V_V' (stream_deconv_fixed.cpp:151) [193]  (2.32 ns)

 <State 8>: 2.32ns
The critical path consists of the following:
	'load' operation ('tmp_V_60_load', stream_deconv_fixed.cpp:151) on local variable 'tmp.V' [159]  (0 ns)
	fifo write on port 'stream_o_V_V' (stream_deconv_fixed.cpp:151) [194]  (2.32 ns)

 <State 9>: 2.32ns
The critical path consists of the following:
	'load' operation ('tmp_V_59_load', stream_deconv_fixed.cpp:151) on local variable 'tmp.V' [160]  (0 ns)
	fifo write on port 'stream_o_V_V' (stream_deconv_fixed.cpp:151) [195]  (2.32 ns)

 <State 10>: 2.32ns
The critical path consists of the following:
	'load' operation ('tmp_V_58_load', stream_deconv_fixed.cpp:151) on local variable 'tmp.V' [161]  (0 ns)
	fifo write on port 'stream_o_V_V' (stream_deconv_fixed.cpp:151) [196]  (2.32 ns)

 <State 11>: 2.32ns
The critical path consists of the following:
	'load' operation ('tmp_V_57_load', stream_deconv_fixed.cpp:151) on local variable 'tmp.V' [162]  (0 ns)
	fifo write on port 'stream_o_V_V' (stream_deconv_fixed.cpp:151) [197]  (2.32 ns)

 <State 12>: 2.32ns
The critical path consists of the following:
	'load' operation ('tmp_V_56_load', stream_deconv_fixed.cpp:151) on local variable 'tmp.V' [163]  (0 ns)
	fifo write on port 'stream_o_V_V' (stream_deconv_fixed.cpp:151) [198]  (2.32 ns)

 <State 13>: 2.32ns
The critical path consists of the following:
	'load' operation ('tmp_V_55_load', stream_deconv_fixed.cpp:151) on local variable 'tmp.V' [164]  (0 ns)
	fifo write on port 'stream_o_V_V' (stream_deconv_fixed.cpp:151) [199]  (2.32 ns)

 <State 14>: 2.32ns
The critical path consists of the following:
	'load' operation ('tmp_V_54_load', stream_deconv_fixed.cpp:151) on local variable 'tmp.V' [165]  (0 ns)
	fifo write on port 'stream_o_V_V' (stream_deconv_fixed.cpp:151) [200]  (2.32 ns)

 <State 15>: 2.32ns
The critical path consists of the following:
	'load' operation ('tmp_V_53_load', stream_deconv_fixed.cpp:151) on local variable 'tmp.V' [166]  (0 ns)
	fifo write on port 'stream_o_V_V' (stream_deconv_fixed.cpp:151) [201]  (2.32 ns)

 <State 16>: 2.32ns
The critical path consists of the following:
	'load' operation ('tmp_V_52_load', stream_deconv_fixed.cpp:151) on local variable 'tmp.V' [167]  (0 ns)
	fifo write on port 'stream_o_V_V' (stream_deconv_fixed.cpp:151) [202]  (2.32 ns)

 <State 17>: 2.32ns
The critical path consists of the following:
	'load' operation ('tmp_V_51_load', stream_deconv_fixed.cpp:151) on local variable 'tmp.V' [168]  (0 ns)
	fifo write on port 'stream_o_V_V' (stream_deconv_fixed.cpp:151) [203]  (2.32 ns)

 <State 18>: 2.32ns
The critical path consists of the following:
	'load' operation ('tmp_V_50_load', stream_deconv_fixed.cpp:151) on local variable 'tmp.V' [169]  (0 ns)
	fifo write on port 'stream_o_V_V' (stream_deconv_fixed.cpp:151) [204]  (2.32 ns)

 <State 19>: 2.32ns
The critical path consists of the following:
	'load' operation ('tmp_V_49_load', stream_deconv_fixed.cpp:151) on local variable 'tmp.V' [170]  (0 ns)
	fifo write on port 'stream_o_V_V' (stream_deconv_fixed.cpp:151) [205]  (2.32 ns)

 <State 20>: 2.32ns
The critical path consists of the following:
	'load' operation ('tmp_V_48_load', stream_deconv_fixed.cpp:151) on local variable 'tmp.V' [171]  (0 ns)
	fifo write on port 'stream_o_V_V' (stream_deconv_fixed.cpp:151) [206]  (2.32 ns)

 <State 21>: 2.32ns
The critical path consists of the following:
	'load' operation ('tmp_V_47_load', stream_deconv_fixed.cpp:151) on local variable 'tmp.V' [172]  (0 ns)
	fifo write on port 'stream_o_V_V' (stream_deconv_fixed.cpp:151) [207]  (2.32 ns)

 <State 22>: 2.32ns
The critical path consists of the following:
	'load' operation ('tmp_V_46_load', stream_deconv_fixed.cpp:151) on local variable 'tmp.V' [173]  (0 ns)
	fifo write on port 'stream_o_V_V' (stream_deconv_fixed.cpp:151) [208]  (2.32 ns)

 <State 23>: 2.32ns
The critical path consists of the following:
	'load' operation ('tmp_V_45_load', stream_deconv_fixed.cpp:151) on local variable 'tmp.V' [174]  (0 ns)
	fifo write on port 'stream_o_V_V' (stream_deconv_fixed.cpp:151) [209]  (2.32 ns)

 <State 24>: 2.32ns
The critical path consists of the following:
	'load' operation ('tmp_V_44_load', stream_deconv_fixed.cpp:151) on local variable 'tmp.V' [175]  (0 ns)
	fifo write on port 'stream_o_V_V' (stream_deconv_fixed.cpp:151) [210]  (2.32 ns)

 <State 25>: 2.32ns
The critical path consists of the following:
	'load' operation ('tmp_V_43_load', stream_deconv_fixed.cpp:151) on local variable 'tmp.V' [176]  (0 ns)
	fifo write on port 'stream_o_V_V' (stream_deconv_fixed.cpp:151) [211]  (2.32 ns)

 <State 26>: 2.32ns
The critical path consists of the following:
	'load' operation ('tmp_V_42_load', stream_deconv_fixed.cpp:151) on local variable 'tmp.V' [177]  (0 ns)
	fifo write on port 'stream_o_V_V' (stream_deconv_fixed.cpp:151) [212]  (2.32 ns)

 <State 27>: 2.32ns
The critical path consists of the following:
	'load' operation ('tmp_V_41_load', stream_deconv_fixed.cpp:151) on local variable 'tmp.V' [178]  (0 ns)
	fifo write on port 'stream_o_V_V' (stream_deconv_fixed.cpp:151) [213]  (2.32 ns)

 <State 28>: 2.32ns
The critical path consists of the following:
	'load' operation ('tmp_V_40_load', stream_deconv_fixed.cpp:151) on local variable 'tmp.V' [179]  (0 ns)
	fifo write on port 'stream_o_V_V' (stream_deconv_fixed.cpp:151) [214]  (2.32 ns)

 <State 29>: 2.32ns
The critical path consists of the following:
	'load' operation ('tmp_V_39_load', stream_deconv_fixed.cpp:151) on local variable 'tmp.V' [180]  (0 ns)
	fifo write on port 'stream_o_V_V' (stream_deconv_fixed.cpp:151) [215]  (2.32 ns)

 <State 30>: 2.32ns
The critical path consists of the following:
	'load' operation ('tmp_V_38_load', stream_deconv_fixed.cpp:151) on local variable 'tmp.V' [181]  (0 ns)
	fifo write on port 'stream_o_V_V' (stream_deconv_fixed.cpp:151) [216]  (2.32 ns)

 <State 31>: 2.32ns
The critical path consists of the following:
	'load' operation ('tmp_V_37_load', stream_deconv_fixed.cpp:151) on local variable 'tmp.V' [182]  (0 ns)
	fifo write on port 'stream_o_V_V' (stream_deconv_fixed.cpp:151) [217]  (2.32 ns)

 <State 32>: 2.32ns
The critical path consists of the following:
	'load' operation ('tmp_V_36_load', stream_deconv_fixed.cpp:151) on local variable 'tmp.V' [183]  (0 ns)
	fifo write on port 'stream_o_V_V' (stream_deconv_fixed.cpp:151) [218]  (2.32 ns)

 <State 33>: 2.32ns
The critical path consists of the following:
	'load' operation ('tmp_V_35_load', stream_deconv_fixed.cpp:151) on local variable 'tmp.V' [184]  (0 ns)
	fifo write on port 'stream_o_V_V' (stream_deconv_fixed.cpp:151) [219]  (2.32 ns)

 <State 34>: 2.32ns
The critical path consists of the following:
	'load' operation ('tmp_V_34_load', stream_deconv_fixed.cpp:151) on local variable 'tmp.V' [185]  (0 ns)
	fifo write on port 'stream_o_V_V' (stream_deconv_fixed.cpp:151) [220]  (2.32 ns)

 <State 35>: 2.32ns
The critical path consists of the following:
	'load' operation ('tmp_V_33_load', stream_deconv_fixed.cpp:151) on local variable 'tmp.V' [186]  (0 ns)
	fifo write on port 'stream_o_V_V' (stream_deconv_fixed.cpp:151) [221]  (2.32 ns)

 <State 36>: 2.32ns
The critical path consists of the following:
	'load' operation ('tmp_V_32_load', stream_deconv_fixed.cpp:151) on local variable 'tmp.V' [187]  (0 ns)
	fifo write on port 'stream_o_V_V' (stream_deconv_fixed.cpp:151) [222]  (2.32 ns)

 <State 37>: 2.32ns
The critical path consists of the following:
	'load' operation ('tmp_V_64_load', stream_deconv_fixed.cpp:151) on local variable 'tmp.V' [188]  (0 ns)
	fifo write on port 'stream_o_V_V' (stream_deconv_fixed.cpp:151) [223]  (2.32 ns)

 <State 38>: 0ns
The critical path consists of the following:


============================================================
+ Verbose Summary: Binding
============================================================
N/A
* FSMD analyzer results:
  - Output states:
 - Input state : 
  - Chain level:
	State 1
	State 2
	State 3
	State 4
	State 5
	State 6
	State 7
	State 8
	State 9
	State 10
	State 11
	State 12
	State 13
	State 14
	State 15
	State 16
	State 17
	State 18
	State 19
	State 20
	State 21
	State 22
	State 23
	State 24
	State 25
	State 26
	State 27
	State 28
	State 29
	State 30
	State 31
	State 32
	State 33
	State 34
	State 35
	State 36
	State 37
	State 38


============================================================
+ Verbose Summary: Datapath Resource usage 
============================================================
N/A
